Archive member included to satisfy reference by file (symbol)

c:/ac6/systemworkbench/plugins/fr.ac6.mcu.externaltools.arm-none.win32_1.17.0.201812190825/tools/compiler/bin/../lib/gcc/arm-none-eabi/7.3.1/../../../../arm-none-eabi/lib/thumb/v7e-m/fpv4-sp/hard\libc.a(lib_a-exit.o)
                              c:/ac6/systemworkbench/plugins/fr.ac6.mcu.externaltools.arm-none.win32_1.17.0.201812190825/tools/compiler/bin/../lib/gcc/arm-none-eabi/7.3.1/../../../../arm-none-eabi/lib/thumb/v7e-m/fpv4-sp/hard/crt0.o (exit)
c:/ac6/systemworkbench/plugins/fr.ac6.mcu.externaltools.arm-none.win32_1.17.0.201812190825/tools/compiler/bin/../lib/gcc/arm-none-eabi/7.3.1/../../../../arm-none-eabi/lib/thumb/v7e-m/fpv4-sp/hard\libc.a(lib_a-impure.o)
                              c:/ac6/systemworkbench/plugins/fr.ac6.mcu.externaltools.arm-none.win32_1.17.0.201812190825/tools/compiler/bin/../lib/gcc/arm-none-eabi/7.3.1/../../../../arm-none-eabi/lib/thumb/v7e-m/fpv4-sp/hard\libc.a(lib_a-exit.o) (_global_impure_ptr)
c:/ac6/systemworkbench/plugins/fr.ac6.mcu.externaltools.arm-none.win32_1.17.0.201812190825/tools/compiler/bin/../lib/gcc/arm-none-eabi/7.3.1/../../../../arm-none-eabi/lib/thumb/v7e-m/fpv4-sp/hard\libc.a(lib_a-init.o)
                              c:/ac6/systemworkbench/plugins/fr.ac6.mcu.externaltools.arm-none.win32_1.17.0.201812190825/tools/compiler/bin/../lib/gcc/arm-none-eabi/7.3.1/../../../../arm-none-eabi/lib/thumb/v7e-m/fpv4-sp/hard/crt0.o (__libc_init_array)
c:/ac6/systemworkbench/plugins/fr.ac6.mcu.externaltools.arm-none.win32_1.17.0.201812190825/tools/compiler/bin/../lib/gcc/arm-none-eabi/7.3.1/../../../../arm-none-eabi/lib/thumb/v7e-m/fpv4-sp/hard\libc.a(lib_a-memcmp.o)
                              3rd_party/SEGGER/OS/SEGGER_SYSVIEW_FreeRTOS.o (memcmp)
c:/ac6/systemworkbench/plugins/fr.ac6.mcu.externaltools.arm-none.win32_1.17.0.201812190825/tools/compiler/bin/../lib/gcc/arm-none-eabi/7.3.1/../../../../arm-none-eabi/lib/thumb/v7e-m/fpv4-sp/hard\libc.a(lib_a-memcpy.o)
                              3rd_party/FreeRTOS/org/Source/queue.o (memcpy)
c:/ac6/systemworkbench/plugins/fr.ac6.mcu.externaltools.arm-none.win32_1.17.0.201812190825/tools/compiler/bin/../lib/gcc/arm-none-eabi/7.3.1/../../../../arm-none-eabi/lib/thumb/v7e-m/fpv4-sp/hard\libc.a(lib_a-memset.o)
                              c:/ac6/systemworkbench/plugins/fr.ac6.mcu.externaltools.arm-none.win32_1.17.0.201812190825/tools/compiler/bin/../lib/gcc/arm-none-eabi/7.3.1/../../../../arm-none-eabi/lib/thumb/v7e-m/fpv4-sp/hard/crt0.o (memset)
c:/ac6/systemworkbench/plugins/fr.ac6.mcu.externaltools.arm-none.win32_1.17.0.201812190825/tools/compiler/bin/../lib/gcc/arm-none-eabi/7.3.1/../../../../arm-none-eabi/lib/thumb/v7e-m/fpv4-sp/hard\libc.a(lib_a-puts.o)
                              src/Mutex_main.o (puts)
c:/ac6/systemworkbench/plugins/fr.ac6.mcu.externaltools.arm-none.win32_1.17.0.201812190825/tools/compiler/bin/../lib/gcc/arm-none-eabi/7.3.1/../../../../arm-none-eabi/lib/thumb/v7e-m/fpv4-sp/hard\libc.a(lib_a-rand.o)
                              src/Mutex_main.o (rand)
c:/ac6/systemworkbench/plugins/fr.ac6.mcu.externaltools.arm-none.win32_1.17.0.201812190825/tools/compiler/bin/../lib/gcc/arm-none-eabi/7.3.1/../../../../arm-none-eabi/lib/thumb/v7e-m/fpv4-sp/hard\libc.a(lib_a-strlen.o)
                              3rd_party/SEGGER/SEGGER/SEGGER_RTT.o (strlen)
c:/ac6/systemworkbench/plugins/fr.ac6.mcu.externaltools.arm-none.win32_1.17.0.201812190825/tools/compiler/bin/../lib/gcc/arm-none-eabi/7.3.1/../../../../arm-none-eabi/lib/thumb/v7e-m/fpv4-sp/hard\libc.a(lib_a-__call_atexit.o)
                              c:/ac6/systemworkbench/plugins/fr.ac6.mcu.externaltools.arm-none.win32_1.17.0.201812190825/tools/compiler/bin/../lib/gcc/arm-none-eabi/7.3.1/../../../../arm-none-eabi/lib/thumb/v7e-m/fpv4-sp/hard\libc.a(lib_a-exit.o) (__call_exitprocs)
c:/ac6/systemworkbench/plugins/fr.ac6.mcu.externaltools.arm-none.win32_1.17.0.201812190825/tools/compiler/bin/../lib/gcc/arm-none-eabi/7.3.1/../../../../arm-none-eabi/lib/thumb/v7e-m/fpv4-sp/hard\libc.a(lib_a-atexit.o)
                              c:/ac6/systemworkbench/plugins/fr.ac6.mcu.externaltools.arm-none.win32_1.17.0.201812190825/tools/compiler/bin/../lib/gcc/arm-none-eabi/7.3.1/../../../../arm-none-eabi/lib/thumb/v7e-m/fpv4-sp/hard\libc.a(lib_a-__call_atexit.o) (atexit)
c:/ac6/systemworkbench/plugins/fr.ac6.mcu.externaltools.arm-none.win32_1.17.0.201812190825/tools/compiler/bin/../lib/gcc/arm-none-eabi/7.3.1/../../../../arm-none-eabi/lib/thumb/v7e-m/fpv4-sp/hard\libc.a(lib_a-findfp.o)
                              c:/ac6/systemworkbench/plugins/fr.ac6.mcu.externaltools.arm-none.win32_1.17.0.201812190825/tools/compiler/bin/../lib/gcc/arm-none-eabi/7.3.1/../../../../arm-none-eabi/lib/thumb/v7e-m/fpv4-sp/hard\libc.a(lib_a-puts.o) (__sinit)
[...]
Memory Configuration

Name             Origin             Length             Attributes
RAM              0x20000000         0x00020000         xrw
ROM              0x08000000         0x00100000         xr
*default*        0x00000000         0xffffffff

Linker script and memory map

LOAD c:/ac6/systemworkbench/plugins/fr.ac6.mcu.externaltools.arm-none.win32_1.17.0.201812190825/tools/compiler/bin/../lib/gcc/arm-none-eabi/7.3.1/thumb/v7e-m/fpv4-sp/hard/crti.o
LOAD c:/ac6/systemworkbench/plugins/fr.ac6.mcu.externaltools.arm-none.win32_1.17.0.201812190825/tools/compiler/bin/../lib/gcc/arm-none-eabi/7.3.1/thumb/v7e-m/fpv4-sp/hard/crtbegin.o
LOAD c:/ac6/systemworkbench/plugins/fr.ac6.mcu.externaltools.arm-none.win32_1.17.0.201812190825/tools/compiler/bin/../lib/gcc/arm-none-eabi/7.3.1/../../../../arm-none-eabi/lib/thumb/v7e-m/fpv4-sp/hard/crt0.o
LOAD 3rd_party/FreeRTOS/org/Source/croutine.o
LOAD 3rd_party/FreeRTOS/org/Source/event_groups.o
LOAD 3rd_party/FreeRTOS/org/Source/list.o
LOAD 3rd_party/FreeRTOS/org/Source/queue.o
LOAD 3rd_party/FreeRTOS/org/Source/stream_buffer.o
LOAD 3rd_party/FreeRTOS/org/Source/tasks.o
LOAD 3rd_party/FreeRTOS/org/Source/timers.o
LOAD 3rd_party/FreeRTOS/org/Source/portable/GCC/ARM_CM4F/port.o
LOAD 3rd_party/FreeRTOS/org/Source/portable/MemMang/heap_4.o
LOAD 3rd_party/SEGGER/Config/SEGGER_SYSVIEW_Config_FreeRTOS.o
LOAD 3rd_party/SEGGER/OS/SEGGER_SYSVIEW_FreeRTOS.o
LOAD 3rd_party/SEGGER/SEGGER/SEGGER_RTT.o
LOAD 3rd_party/SEGGER/SEGGER/SEGGER_SYSVIEW.o
LOAD StdPeriph_Driver/src/misc.o
LOAD StdPeriph_Driver/src/stm32f4xx_adc.o
LOAD StdPeriph_Driver/src/stm32f4xx_can.o
LOAD StdPeriph_Driver/src/stm32f4xx_cec.o
LOAD StdPeriph_Driver/src/stm32f4xx_crc.o
LOAD StdPeriph_Driver/src/stm32f4xx_cryp.o
LOAD StdPeriph_Driver/src/stm32f4xx_cryp_aes.o
LOAD StdPeriph_Driver/src/stm32f4xx_cryp_des.o
LOAD StdPeriph_Driver/src/stm32f4xx_cryp_tdes.o
LOAD StdPeriph_Driver/src/stm32f4xx_dac.o
LOAD StdPeriph_Driver/src/stm32f4xx_dbgmcu.o
LOAD StdPeriph_Driver/src/stm32f4xx_dcmi.o
LOAD StdPeriph_Driver/src/stm32f4xx_dfsdm.o
LOAD StdPeriph_Driver/src/stm32f4xx_dma.o
LOAD StdPeriph_Driver/src/stm32f4xx_dma2d.o
LOAD StdPeriph_Driver/src/stm32f4xx_dsi.o
LOAD StdPeriph_Driver/src/stm32f4xx_exti.o
LOAD StdPeriph_Driver/src/stm32f4xx_flash.o
LOAD StdPeriph_Driver/src/stm32f4xx_flash_ramfunc.o
LOAD StdPeriph_Driver/src/stm32f4xx_fmc.o
LOAD StdPeriph_Driver/src/stm32f4xx_fmip2c.o
LOAD StdPeriph_Driver/src/stm32f4xx_fsmc.o
LOAD StdPeriph_Driver/src/stm32f4xx_gpio.o
LOAD StdPeriph_Driver/src/stm32f4xx_hash.o
LOAD StdPeriph_Driver/src/stm32f4xx_hash_md5.o
LOAD StdPeriph_Driver/src/stm32f4xx_hash_sha1.o
LOAD StdPeriph_Driver/src/stm32f4xx_i2c.o
LOAD StdPeriph_Driver/src/stm32f4xx_iwdg.o
LOAD StdPeriph_Driver/src/stm32f4xx_lptim.o
LOAD StdPeriph_Driver/src/stm32f4xx_ltdc.o
LOAD StdPeriph_Driver/src/stm32f4xx_pwr.o
LOAD StdPeriph_Driver/src/stm32f4xx_qspi.o
LOAD StdPeriph_Driver/src/stm32f4xx_rcc.o
LOAD StdPeriph_Driver/src/stm32f4xx_rng.o
LOAD StdPeriph_Driver/src/stm32f4xx_rtc.o
LOAD StdPeriph_Driver/src/stm32f4xx_sai.o
LOAD StdPeriph_Driver/src/stm32f4xx_sdio.o
LOAD StdPeriph_Driver/src/stm32f4xx_spdifrx.o
LOAD StdPeriph_Driver/src/stm32f4xx_spi.o
LOAD StdPeriph_Driver/src/stm32f4xx_syscfg.o
LOAD StdPeriph_Driver/src/stm32f4xx_tim.o
LOAD StdPeriph_Driver/src/stm32f4xx_usart.o
LOAD StdPeriph_Driver/src/stm32f4xx_wwdg.o
LOAD src/Mutex_main.o
LOAD src/system_stm32f4xx.o
LOAD startup/startup_stm32.o
LOAD c:/ac6/systemworkbench/plugins/fr.ac6.mcu.externaltools.arm-none.win32_1.17.0.201812190825/tools/compiler/bin/../lib/gcc/arm-none-eabi/7.3.1/../../../../arm-none-eabi/lib/thumb/v7e-m/fpv4-sp/hard\libm.a
START GROUP
LOAD c:/ac6/systemworkbench/plugins/fr.ac6.mcu.externaltools.arm-none.win32_1.17.0.201812190825/tools/compiler/bin/../lib/gcc/arm-none-eabi/7.3.1/thumb/v7e-m/fpv4-sp/hard\libgcc.a
LOAD c:/ac6/systemworkbench/plugins/fr.ac6.mcu.externaltools.arm-none.win32_1.17.0.201812190825/tools/compiler/bin/../lib/gcc/arm-none-eabi/7.3.1/../../../../arm-none-eabi/lib/thumb/v7e-m/fpv4-sp/hard\libc.a
END GROUP
LOAD c:/ac6/systemworkbench/plugins/fr.ac6.mcu.externaltools.arm-none.win32_1.17.0.201812190825/tools/compiler/bin/../lib/gcc/arm-none-eabi/7.3.1/thumb/v7e-m/fpv4-sp/hard/crtend.o
LOAD c:/ac6/systemworkbench/plugins/fr.ac6.mcu.externaltools.arm-none.win32_1.17.0.201812190825/tools/compiler/bin/../lib/gcc/arm-none-eabi/7.3.1/thumb/v7e-m/fpv4-sp/hard/crtn.o
                0x20020000                _estack = 0x20020000
                0x00000000                _Min_Heap_Size = 0x0
                0x00000400                _Min_Stack_Size = 0x400

.isr_vector     0x08000000      0x1a8
                0x08000000                . = ALIGN (0x4)
 *(.isr_vector)
 .isr_vector    0x08000000      0x1a8 startup/startup_stm32.o
                0x08000000                g_pfnVectors
                0x080001a8                . = ALIGN (0x4)

.text           0x080001c0     0x5c74
                0x080001c0                . = ALIGN (0x4)
 *(.text)
 .text          0x080001c0       0x40 c:/ac6/systemworkbench/plugins/fr.ac6.mcu.externaltools.arm-none.win32_1.17.0.201812190825/tools/compiler/bin/../lib/gcc/arm-none-eabi/7.3.1/thumb/v7e-m/fpv4-sp/hard/crtbegin.o
 .text          0x08000200      0x134 c:/ac6/systemworkbench/plugins/fr.ac6.mcu.externaltools.arm-none.win32_1.17.0.201812190825/tools/compiler/bin/../lib/gcc/arm-none-eabi/7.3.1/../../../../arm-none-eabi/lib/thumb/v7e-m/fpv4-sp/hard\libc.a(lib_a-memcpy.o)
                0x08000200                memcpy
 *fill*         0x08000334        0xc 
 .text          0x08000340       0xdc c:/ac6/systemworkbench/plugins/fr.ac6.mcu.externaltools.arm-none.win32_1.17.0.201812190825/tools/compiler/bin/../lib/gcc/arm-none-eabi/7.3.1/../../../../arm-none-eabi/lib/thumb/v7e-m/fpv4-sp/hard\libc.a(lib_a-strlen.o)
                0x08000340                strlen
 *fill*         0x0800041c        0x4 
 .text          0x08000420       0xa0 c:/ac6/systemworkbench/plugins/fr.ac6.mcu.externaltools.arm-none.win32_1.17.0.201812190825/tools/compiler/bin/../lib/gcc/arm-none-eabi/7.3.1/../../../../arm-none-eabi/lib/thumb/v7e-m/fpv4-sp/hard\libc.a(lib_a-memchr.o)
                0x08000420                memchr
 *(.text*)
 .text.vListInitialise
                0x080004c0       0x40 3rd_party/FreeRTOS/org/Source/list.o
                0x080004c0                vListInitialise
 .text.vListInitialiseItem
                0x08000500       0x1a 3rd_party/FreeRTOS/org/Source/list.o
                0x08000500                vListInitialiseItem
 .text.vListInsertEnd
                0x0800051a       0x48 3rd_party/FreeRTOS/org/Source/list.o
                0x0800051a                vListInsertEnd
 .text.vListInsert
                0x08000562       0x72 3rd_party/FreeRTOS/org/Source/list.o
                0x08000562                vListInsert
 .text.uxListRemove
                0x080005d4       0x54 3rd_party/FreeRTOS/org/Source/list.o
                0x080005d4                uxListRemove
 .text.xQueueGenericReset
                0x08000628       0xd0 3rd_party/FreeRTOS/org/Source/queue.o
                0x08000628                xQueueGenericReset
 .text.xQueueGenericCreate
                0x080006f8       0x6a 3rd_party/FreeRTOS/org/Source/queue.o
                0x080006f8                xQueueGenericCreate
 .text.prvInitialiseNewQueue
                0x08000762       0x52 3rd_party/FreeRTOS/org/Source/queue.o
 .text.prvInitialiseMutex
                0x080007b4       0x34 3rd_party/FreeRTOS/org/Source/queue.o
 .text.xQueueCreateMutex
                0x080007e8       0x30 3rd_party/FreeRTOS/org/Source/queue.o
                0x080007e8                xQueueCreateMutex
 .text.xQueueGenericSend
                0x08000818      0x214 3rd_party/FreeRTOS/org/Source/queue.o
                0x08000818                xQueueGenericSend
 .text.xQueueSemaphoreTake
                0x08000a2c      0x24c 3rd_party/FreeRTOS/org/Source/queue.o
                0x08000a2c                xQueueSemaphoreTake
 .text.prvGetDisinheritPriorityAfterTimeout
                0x08000c78       0x30 3rd_party/FreeRTOS/org/Source/queue.o
 .text.prvCopyDataToQueue
                0x08000ca8       0xd4 3rd_party/FreeRTOS/org/Source/queue.o
 .text.prvUnlockQueue
                0x08000d7c       0xa4 3rd_party/FreeRTOS/org/Source/queue.o
 .text.prvIsQueueEmpty
                0x08000e20       0x2c 3rd_party/FreeRTOS/org/Source/queue.o
 .text.prvIsQueueFull
                0x08000e4c       0x30 3rd_party/FreeRTOS/org/Source/queue.o
 .text.xTaskCreate
                0x08000e7c       0x82 3rd_party/FreeRTOS/org/Source/tasks.o
                0x08000e7c                xTaskCreate
 .text.prvInitialiseNewTask
                0x08000efe      0x11c 3rd_party/FreeRTOS/org/Source/tasks.o
 *fill*         0x0800101a        0x2 
 .text.prvAddNewTaskToReadyList
                0x0800101c      0x118 3rd_party/FreeRTOS/org/Source/tasks.o
 .text.vTaskDelay
                0x08001134       0x70 3rd_party/FreeRTOS/org/Source/tasks.o
                0x08001134                vTaskDelay
 .text.vTaskStartScheduler
                0x080011a4       0xac 3rd_party/FreeRTOS/org/Source/tasks.o
                0x080011a4                vTaskStartScheduler
 .text.vTaskSuspendAll
                0x08001250       0x1c 3rd_party/FreeRTOS/org/Source/tasks.o
                0x08001250                vTaskSuspendAll
 .text.xTaskResumeAll
                0x0800126c      0x140 3rd_party/FreeRTOS/org/Source/tasks.o
                0x0800126c                xTaskResumeAll
 .text.xTaskGetTickCountFromISR
                0x080013ac       0x24 3rd_party/FreeRTOS/org/Source/tasks.o
                0x080013ac                xTaskGetTickCountFromISR
 .text.xTaskIncrementTick
                0x080013d0      0x178 3rd_party/FreeRTOS/org/Source/tasks.o
                0x080013d0                xTaskIncrementTick
 .text.vTaskSwitchContext
                0x08001548       0xd0 3rd_party/FreeRTOS/org/Source/tasks.o
                0x08001548                vTaskSwitchContext
 .text.vTaskPlaceOnEventList
                0x08001618       0x48 3rd_party/FreeRTOS/org/Source/tasks.o
                0x08001618                vTaskPlaceOnEventList
 .text.xTaskRemoveFromEventList
                0x08001660       0xcc 3rd_party/FreeRTOS/org/Source/tasks.o
                0x08001660                xTaskRemoveFromEventList
 .text.vTaskInternalSetTimeOutState
                0x0800172c       0x2c 3rd_party/FreeRTOS/org/Source/tasks.o
                0x0800172c                vTaskInternalSetTimeOutState
 .text.xTaskCheckForTimeOut
                0x08001758       0xc0 3rd_party/FreeRTOS/org/Source/tasks.o
                0x08001758                xTaskCheckForTimeOut
 .text.vTaskMissedYield
                0x08001818       0x18 3rd_party/FreeRTOS/org/Source/tasks.o
                0x08001818                vTaskMissedYield
 .text.prvIdleTask
                0x08001830       0x30 3rd_party/FreeRTOS/org/Source/tasks.o
 .text.prvInitialiseTaskLists
                0x08001860       0x80 3rd_party/FreeRTOS/org/Source/tasks.o
 .text.prvCheckTasksWaitingTermination
                0x080018e0       0x58 3rd_party/FreeRTOS/org/Source/tasks.o
 .text.prvDeleteTCB
                0x08001938       0x20 3rd_party/FreeRTOS/org/Source/tasks.o
 .text.prvResetNextTaskUnblockTime
                0x08001958       0x40 3rd_party/FreeRTOS/org/Source/tasks.o
 .text.xTaskPriorityInherit
                0x08001998       0xf4 3rd_party/FreeRTOS/org/Source/tasks.o
                0x08001998                xTaskPriorityInherit
 .text.xTaskPriorityDisinherit
                0x08001a8c      0x110 3rd_party/FreeRTOS/org/Source/tasks.o
                0x08001a8c                xTaskPriorityDisinherit
 .text.vTaskPriorityDisinheritAfterTimeout
                0x08001b9c      0x12c 3rd_party/FreeRTOS/org/Source/tasks.o
                0x08001b9c                vTaskPriorityDisinheritAfterTimeout
 .text.pvTaskIncrementMutexHeldCount
                0x08001cc8       0x28 3rd_party/FreeRTOS/org/Source/tasks.o
                0x08001cc8                pvTaskIncrementMutexHeldCount
 .text.prvAddCurrentTaskToDelayedList
                0x08001cf0       0xf0 3rd_party/FreeRTOS/org/Source/tasks.o
 .text.pxPortInitialiseStack
                0x08001de0       0x68 3rd_party/FreeRTOS/org/Source/portable/GCC/ARM_CM4F/port.o
                0x08001de0                pxPortInitialiseStack
 .text.prvTaskExitError
                0x08001e48       0x54 3rd_party/FreeRTOS/org/Source/portable/GCC/ARM_CM4F/port.o
 *fill*         0x08001e9c        0x4 
 .text.SVC_Handler
                0x08001ea0       0x28 3rd_party/FreeRTOS/org/Source/portable/GCC/ARM_CM4F/port.o
                0x08001ea0                SVC_Handler
 .text.prvPortStartFirstTask
                0x08001ec8       0x28 3rd_party/FreeRTOS/org/Source/portable/GCC/ARM_CM4F/port.o
 .text.xPortStartScheduler
                0x08001ef0      0x13c 3rd_party/FreeRTOS/org/Source/portable/GCC/ARM_CM4F/port.o
                0x08001ef0                xPortStartScheduler
 .text.vPortEnterCritical
                0x0800202c       0x5c 3rd_party/FreeRTOS/org/Source/portable/GCC/ARM_CM4F/port.o
                0x0800202c                vPortEnterCritical
 .text.vPortExitCritical
                0x08002088       0x50 3rd_party/FreeRTOS/org/Source/portable/GCC/ARM_CM4F/port.o
                0x08002088                vPortExitCritical
 *fill*         0x080020d8        0x8 
 .text.PendSV_Handler
                0x080020e0       0x68 3rd_party/FreeRTOS/org/Source/portable/GCC/ARM_CM4F/port.o
                0x080020e0                PendSV_Handler
 .text.SysTick_Handler
                0x08002148       0x50 3rd_party/FreeRTOS/org/Source/portable/GCC/ARM_CM4F/port.o
                0x08002148                SysTick_Handler
 .text.vPortSetupTimerInterrupt
                0x08002198       0x48 3rd_party/FreeRTOS/org/Source/portable/GCC/ARM_CM4F/port.o
                0x08002198                vPortSetupTimerInterrupt
 .text.vPortEnableVFP
                0x080021e0       0x14 3rd_party/FreeRTOS/org/Source/portable/GCC/ARM_CM4F/port.o
 .text.vPortValidateInterruptPriority
                0x080021f4       0x7c 3rd_party/FreeRTOS/org/Source/portable/GCC/ARM_CM4F/port.o
                0x080021f4                vPortValidateInterruptPriority
 .text.pvPortMalloc
                0x08002270      0x190 3rd_party/FreeRTOS/org/Source/portable/MemMang/heap_4.o
                0x08002270                pvPortMalloc
 .text.vPortFree
                0x08002400       0xc0 3rd_party/FreeRTOS/org/Source/portable/MemMang/heap_4.o
                0x08002400                vPortFree
 .text.prvHeapInit
                0x080024c0       0xc4 3rd_party/FreeRTOS/org/Source/portable/MemMang/heap_4.o
 .text.prvInsertBlockIntoFreeList
                0x08002584       0xb4 3rd_party/FreeRTOS/org/Source/portable/MemMang/heap_4.o
 .text._cbSendSystemDesc
                0x08002638       0x1c 3rd_party/SEGGER/Config/SEGGER_SYSVIEW_Config_FreeRTOS.o
 .text.SEGGER_SYSVIEW_Conf
                0x08002654       0x2c 3rd_party/SEGGER/Config/SEGGER_SYSVIEW_Config_FreeRTOS.o
                0x08002654                SEGGER_SYSVIEW_Conf
 .text._cbSendTaskList
                0x08002680       0x90 3rd_party/SEGGER/OS/SEGGER_SYSVIEW_FreeRTOS.o
 .text._cbGetTime
                0x08002710       0x76 3rd_party/SEGGER/OS/SEGGER_SYSVIEW_FreeRTOS.o
 *fill*         0x08002786        0x2 
 .text.SYSVIEW_AddTask
                0x08002788       0xd0 3rd_party/SEGGER/OS/SEGGER_SYSVIEW_FreeRTOS.o
                0x08002788                SYSVIEW_AddTask
 .text.SYSVIEW_SendTaskInfo
                0x08002858       0x42 3rd_party/SEGGER/OS/SEGGER_SYSVIEW_FreeRTOS.o
                0x08002858                SYSVIEW_SendTaskInfo
 *fill*         0x0800289a        0x2 
 .text._DoInit  0x0800289c       0xa4 3rd_party/SEGGER/SEGGER/SEGGER_RTT.o
 .text.SEGGER_RTT_ReadNoLock
                0x08002940      0x104 3rd_party/SEGGER/SEGGER/SEGGER_RTT.o
                0x08002940                SEGGER_RTT_ReadNoLock
 .text.SEGGER_RTT_WriteSkipNoLock
                0x08002a44      0x120 3rd_party/SEGGER/SEGGER/SEGGER_RTT.o
                0x08002a44                SEGGER_RTT_WriteSkipNoLock
 .text.SEGGER_RTT_ConfigUpBuffer
                0x08002b64       0xd4 3rd_party/SEGGER/SEGGER/SEGGER_RTT.o
                0x08002b64                SEGGER_RTT_ConfigUpBuffer
 .text.SEGGER_RTT_ConfigDownBuffer
                0x08002c38       0xd4 3rd_party/SEGGER/SEGGER/SEGGER_RTT.o
                0x08002c38                SEGGER_RTT_ConfigDownBuffer
 .text._EncodeStr
                0x08002d0c       0x9a 3rd_party/SEGGER/SEGGER/SEGGER_SYSVIEW.o
 .text._PreparePacket
                0x08002da6       0x18 3rd_party/SEGGER/SEGGER/SEGGER_SYSVIEW.o
 .text._HandleIncomingPacket
                0x08002dbe       0xb8 3rd_party/SEGGER/SEGGER/SEGGER_SYSVIEW.o
 *fill*         0x08002e76        0x2 
 .text._TrySendOverflowPacket
                0x08002e78       0xe0 3rd_party/SEGGER/SEGGER/SEGGER_SYSVIEW.o
 .text._SendPacket
                0x08002f58      0x1a8 3rd_party/SEGGER/SEGGER/SEGGER_SYSVIEW.o
 .text.SEGGER_SYSVIEW_Init
                0x08003100       0x7c 3rd_party/SEGGER/SEGGER/SEGGER_SYSVIEW.o
                0x08003100                SEGGER_SYSVIEW_Init
 .text.SEGGER_SYSVIEW_SetRAMBase
                0x0800317c       0x20 3rd_party/SEGGER/SEGGER/SEGGER_SYSVIEW.o
                0x0800317c                SEGGER_SYSVIEW_SetRAMBase
 .text.SEGGER_SYSVIEW_RecordVoid
                0x0800319c       0x3c 3rd_party/SEGGER/SEGGER/SEGGER_SYSVIEW.o
                0x0800319c                SEGGER_SYSVIEW_RecordVoid
 .text.SEGGER_SYSVIEW_RecordU32
                0x080031d8       0x78 3rd_party/SEGGER/SEGGER/SEGGER_SYSVIEW.o
                0x080031d8                SEGGER_SYSVIEW_RecordU32
 .text.SEGGER_SYSVIEW_RecordU32x2
                0x08003250       0xb4 3rd_party/SEGGER/SEGGER/SEGGER_SYSVIEW.o
                0x08003250                SEGGER_SYSVIEW_RecordU32x2
 .text.SEGGER_SYSVIEW_RecordU32x3
                0x08003304       0xec 3rd_party/SEGGER/SEGGER/SEGGER_SYSVIEW.o
                0x08003304                SEGGER_SYSVIEW_RecordU32x3
 .text.SEGGER_SYSVIEW_RecordU32x4
                0x080033f0      0x124 3rd_party/SEGGER/SEGGER/SEGGER_SYSVIEW.o
                0x080033f0                SEGGER_SYSVIEW_RecordU32x4
 .text.SEGGER_SYSVIEW_Start
                0x08003514      0x178 3rd_party/SEGGER/SEGGER/SEGGER_SYSVIEW.o
                0x08003514                SEGGER_SYSVIEW_Start
 .text.SEGGER_SYSVIEW_Stop
                0x0800368c       0x4c 3rd_party/SEGGER/SEGGER/SEGGER_SYSVIEW.o
                0x0800368c                SEGGER_SYSVIEW_Stop
 .text.SEGGER_SYSVIEW_GetSysDesc
                0x080036d8      0x134 3rd_party/SEGGER/SEGGER/SEGGER_SYSVIEW.o
                0x080036d8                SEGGER_SYSVIEW_GetSysDesc
 .text.SEGGER_SYSVIEW_SendTaskInfo
                0x0800380c      0x1cc 3rd_party/SEGGER/SEGGER/SEGGER_SYSVIEW.o
                0x0800380c                SEGGER_SYSVIEW_SendTaskInfo
 .text.SEGGER_SYSVIEW_SendTaskList
                0x080039d8       0x28 3rd_party/SEGGER/SEGGER/SEGGER_SYSVIEW.o
                0x080039d8                SEGGER_SYSVIEW_SendTaskList
 .text.SEGGER_SYSVIEW_SendSysDesc
                0x08003a00       0x48 3rd_party/SEGGER/SEGGER/SEGGER_SYSVIEW.o
                0x08003a00                SEGGER_SYSVIEW_SendSysDesc
 .text.SEGGER_SYSVIEW_RecordSystime
                0x08003a48       0x60 3rd_party/SEGGER/SEGGER/SEGGER_SYSVIEW.o
                0x08003a48                SEGGER_SYSVIEW_RecordSystime
 .text.SEGGER_SYSVIEW_RecordEnterISR
                0x08003aa8       0x84 3rd_party/SEGGER/SEGGER/SEGGER_SYSVIEW.o
                0x08003aa8                SEGGER_SYSVIEW_RecordEnterISR
 .text.SEGGER_SYSVIEW_RecordExitISR
                0x08003b2c       0x38 3rd_party/SEGGER/SEGGER/SEGGER_SYSVIEW.o
                0x08003b2c                SEGGER_SYSVIEW_RecordExitISR
 .text.SEGGER_SYSVIEW_RecordExitISRToScheduler
                0x08003b64       0x38 3rd_party/SEGGER/SEGGER/SEGGER_SYSVIEW.o
                0x08003b64                SEGGER_SYSVIEW_RecordExitISRToScheduler
 .text.SEGGER_SYSVIEW_OnIdle
                0x08003b9c       0x38 3rd_party/SEGGER/SEGGER/SEGGER_SYSVIEW.o
                0x08003b9c                SEGGER_SYSVIEW_OnIdle
 .text.SEGGER_SYSVIEW_OnTaskCreate
                0x08003bd4       0x88 3rd_party/SEGGER/SEGGER/SEGGER_SYSVIEW.o
                0x08003bd4                SEGGER_SYSVIEW_OnTaskCreate
 .text.SEGGER_SYSVIEW_OnTaskStartExec
                0x08003c5c       0x88 3rd_party/SEGGER/SEGGER/SEGGER_SYSVIEW.o
                0x08003c5c                SEGGER_SYSVIEW_OnTaskStartExec
 .text.SEGGER_SYSVIEW_OnTaskStartReady
                0x08003ce4       0x88 3rd_party/SEGGER/SEGGER/SEGGER_SYSVIEW.o
                0x08003ce4                SEGGER_SYSVIEW_OnTaskStartReady
 .text.SEGGER_SYSVIEW_OnTaskStopReady
                0x08003d6c       0xc0 3rd_party/SEGGER/SEGGER/SEGGER_SYSVIEW.o
                0x08003d6c                SEGGER_SYSVIEW_OnTaskStopReady
 .text.SEGGER_SYSVIEW_ShrinkId
                0x08003e2c       0x24 3rd_party/SEGGER/SEGGER/SEGGER_SYSVIEW.o
                0x08003e2c                SEGGER_SYSVIEW_ShrinkId
 .text.SEGGER_SYSVIEW_SendModule
                0x08003e50      0x100 3rd_party/SEGGER/SEGGER/SEGGER_SYSVIEW.o
                0x08003e50                SEGGER_SYSVIEW_SendModule
 .text.SEGGER_SYSVIEW_SendModuleDescription
                0x08003f50       0x3c 3rd_party/SEGGER/SEGGER/SEGGER_SYSVIEW.o
                0x08003f50                SEGGER_SYSVIEW_SendModuleDescription
 .text.SEGGER_SYSVIEW_SendNumModules
                0x08003f8c       0x7c 3rd_party/SEGGER/SEGGER/SEGGER_SYSVIEW.o
                0x08003f8c                SEGGER_SYSVIEW_SendNumModules
 .text.SEGGER_SYSVIEW_Warn
                0x08004008       0xb8 3rd_party/SEGGER/SEGGER/SEGGER_SYSVIEW.o
                0x08004008                SEGGER_SYSVIEW_Warn
 .text.RCC_DeInit
                0x080040c0       0x70 StdPeriph_Driver/src/stm32f4xx_rcc.o
                0x080040c0                RCC_DeInit
 .text.main     0x08004130       0x94 src/Mutex_main.o
                0x08004130                main
 .text.Task1Handler
                0x080041c4       0x34 src/Mutex_main.o
                0x080041c4                Task1Handler
 .text.Task2Handler
                0x080041f8       0x24 src/Mutex_main.o
                0x080041f8                Task2Handler
 .text.SystemInit
                0x0800421c       0x6c src/system_stm32f4xx.o
                0x0800421c                SystemInit
 .text.SystemCoreClockUpdate
                0x08004288       0xf8 src/system_stm32f4xx.o
                0x08004288                SystemCoreClockUpdate
 .text.SetSysClock
                0x08004380       0xf8 src/system_stm32f4xx.o
 .text.Reset_Handler
                0x08004478       0x50 startup/startup_stm32.o
                0x08004478                Reset_Handler
 .text.Default_Handler
                0x080044c8        0x2 startup/startup_stm32.o
                0x080044c8                RTC_Alarm_IRQHandler
                0x080044c8                HASH_RNG_IRQHandler
                0x080044c8                EXTI2_IRQHandler
                0x080044c8                TIM8_CC_IRQHandler
                0x080044c8                DebugMon_Handler
                0x080044c8                TIM1_CC_IRQHandler
                0x080044c8                DMA2_Stream5_IRQHandler
                0x080044c8                HardFault_Handler
                0x080044c8                DMA1_Stream5_IRQHandler
                0x080044c8                PVD_IRQHandler
                0x080044c8                SDIO_IRQHandler
                0x080044c8                TAMP_STAMP_IRQHandler
                0x080044c8                NMI_Handler
                0x080044c8                CAN2_RX1_IRQHandler
                0x080044c8                EXTI3_IRQHandler
                0x080044c8                TIM8_TRG_COM_TIM14_IRQHandler
                0x080044c8                TIM1_UP_TIM10_IRQHandler
                0x080044c8                TIM8_UP_TIM13_IRQHandler
                0x080044c8                I2C3_ER_IRQHandler
                0x080044c8                LCD_TFT_IRQHandler
                0x080044c8                EXTI0_IRQHandler
                0x080044c8                I2C2_EV_IRQHandler
                0x080044c8                DMA1_Stream2_IRQHandler
                0x080044c8                CAN1_RX0_IRQHandler
                0x080044c8                FPU_IRQHandler
                0x080044c8                OTG_HS_WKUP_IRQHandler
                0x080044c8                UsageFault_Handler
                0x080044c8                CAN2_SCE_IRQHandler
                0x080044c8                DMA2_Stream2_IRQHandler
                0x080044c8                SPI1_IRQHandler
                0x080044c8                TIM6_DAC_IRQHandler
                0x080044c8                TIM1_BRK_TIM9_IRQHandler
                0x080044c8                DCMI_IRQHandler
                0x080044c8                CAN2_RX0_IRQHandler
                0x080044c8                DMA2_Stream3_IRQHandler
                0x080044c8                USART6_IRQHandler
                0x080044c8                USART3_IRQHandler
                0x080044c8                CRYP_IRQHandler
                0x080044c8                CAN1_RX1_IRQHandler
                0x080044c8                UART5_IRQHandler
                0x080044c8                DMA2_Stream0_IRQHandler
                0x080044c8                TIM4_IRQHandler
                0x080044c8                I2C1_EV_IRQHandler
                0x080044c8                DMA1_Stream6_IRQHandler
                0x080044c8                DMA1_Stream1_IRQHandler
                0x080044c8                UART4_IRQHandler
                0x080044c8                LCD_TFT_1_IRQHandler
                0x080044c8                TIM3_IRQHandler
                0x080044c8                RCC_IRQHandler
                0x080044c8                TIM8_BRK_TIM12_IRQHandler
                0x080044c8                Default_Handler
                0x080044c8                EXTI15_10_IRQHandler
                0x080044c8                ADC_IRQHandler
                0x080044c8                DMA1_Stream7_IRQHandler
                0x080044c8                TIM7_IRQHandler
                0x080044c8                CAN2_TX_IRQHandler
                0x080044c8                TIM5_IRQHandler
                0x080044c8                DMA2_Stream7_IRQHandler
                0x080044c8                I2C3_EV_IRQHandler
                0x080044c8                EXTI9_5_IRQHandler
                0x080044c8                RTC_WKUP_IRQHandler
                0x080044c8                ETH_WKUP_IRQHandler
                0x080044c8                SPI2_IRQHandler
                0x080044c8                OTG_HS_EP1_IN_IRQHandler
                0x080044c8                MemManage_Handler
                0x080044c8                DMA1_Stream0_IRQHandler
                0x080044c8                CAN1_TX_IRQHandler
                0x080044c8                EXTI4_IRQHandler
                0x080044c8                FSMC_IRQHandler
                0x080044c8                ETH_IRQHandler
                0x080044c8                OTG_HS_EP1_OUT_IRQHandler
                0x080044c8                WWDG_IRQHandler
                0x080044c8                TIM2_IRQHandler
                0x080044c8                OTG_FS_WKUP_IRQHandler
                0x080044c8                TIM1_TRG_COM_TIM11_IRQHandler
                0x080044c8                OTG_HS_IRQHandler
                0x080044c8                EXTI1_IRQHandler
                0x080044c8                USART2_IRQHandler
                0x080044c8                I2C2_ER_IRQHandler
                0x080044c8                DMA2_Stream1_IRQHandler
                0x080044c8                CAN1_SCE_IRQHandler
                0x080044c8                DMA2_Stream4_IRQHandler
                0x080044c8                BusFault_Handler
                0x080044c8                USART1_IRQHandler
                0x080044c8                OTG_FS_IRQHandler
                0x080044c8                SPI3_IRQHandler
                0x080044c8                DMA1_Stream4_IRQHandler
                0x080044c8                I2C1_ER_IRQHandler
                0x080044c8                DMA2_Stream6_IRQHandler
                0x080044c8                DMA1_Stream3_IRQHandler
 *fill*         0x080044ca        0x2 
 .text.__libc_init_array
                0x080044cc       0x48 c:/ac6/systemworkbench/plugins/fr.ac6.mcu.externaltools.arm-none.win32_1.17.0.201812190825/tools/compiler/bin/../lib/gcc/arm-none-eabi/7.3.1/../../../../arm-none-eabi/lib/thumb/v7e-m/fpv4-sp/hard\libc.a(lib_a-init.o)
                0x080044cc                __libc_init_array
 .text.memcmp   0x08004514       0x64 c:/ac6/systemworkbench/plugins/fr.ac6.mcu.externaltools.arm-none.win32_1.17.0.201812190825/tools/compiler/bin/../lib/gcc/arm-none-eabi/7.3.1/../../../../arm-none-eabi/lib/thumb/v7e-m/fpv4-sp/hard\libc.a(lib_a-memcmp.o)
                0x08004514                memcmp
 .text.memset   0x08004578       0x94 c:/ac6/systemworkbench/plugins/fr.ac6.mcu.externaltools.arm-none.win32_1.17.0.201812190825/tools/compiler/bin/../lib/gcc/arm-none-eabi/7.3.1/../../../../arm-none-eabi/lib/thumb/v7e-m/fpv4-sp/hard\libc.a(lib_a-memset.o)
                0x08004578                memset
 .text._puts_r  0x0800460c       0x9c c:/ac6/systemworkbench/plugins/fr.ac6.mcu.externaltools.arm-none.win32_1.17.0.201812190825/tools/compiler/bin/../lib/gcc/arm-none-eabi/7.3.1/../../../../arm-none-eabi/lib/thumb/v7e-m/fpv4-sp/hard\libc.a(lib_a-puts.o)
                0x0800460c                _puts_r
 .text.puts     0x080046a8       0x10 c:/ac6/systemworkbench/plugins/fr.ac6.mcu.externaltools.arm-none.win32_1.17.0.201812190825/tools/compiler/bin/../lib/gcc/arm-none-eabi/7.3.1/../../../../arm-none-eabi/lib/thumb/v7e-m/fpv4-sp/hard\libc.a(lib_a-puts.o)
                0x080046a8                puts
 .text.rand     0x080046b8       0x3c c:/ac6/systemworkbench/plugins/fr.ac6.mcu.externaltools.arm-none.win32_1.17.0.201812190825/tools/compiler/bin/../lib/gcc/arm-none-eabi/7.3.1/../../../../arm-none-eabi/lib/thumb/v7e-m/fpv4-sp/hard\libc.a(lib_a-rand.o)
                0x080046b8                rand
 .text.startup.register_fini
                0x080046f4       0x14 c:/ac6/systemworkbench/plugins/fr.ac6.mcu.externaltools.arm-none.win32_1.17.0.201812190825/tools/compiler/bin/../lib/gcc/arm-none-eabi/7.3.1/../../../../arm-none-eabi/lib/thumb/v7e-m/fpv4-sp/hard\libc.a(lib_a-__call_atexit.o)
 .text.atexit   0x08004708        0xc c:/ac6/systemworkbench/plugins/fr.ac6.mcu.externaltools.arm-none.win32_1.17.0.201812190825/tools/compiler/bin/../lib/gcc/arm-none-eabi/7.3.1/../../../../arm-none-eabi/lib/thumb/v7e-m/fpv4-sp/hard\libc.a(lib_a-atexit.o)
                0x08004708                atexit
 .text.std      0x08004714       0x50 c:/ac6/systemworkbench/plugins/fr.ac6.mcu.externaltools.arm-none.win32_1.17.0.201812190825/tools/compiler/bin/../lib/gcc/arm-none-eabi/7.3.1/../../../../arm-none-eabi/lib/thumb/v7e-m/fpv4-sp/hard\libc.a(lib_a-findfp.o)
 .text._cleanup_r
                0x08004764        0xc c:/ac6/systemworkbench/plugins/fr.ac6.mcu.externaltools.arm-none.win32_1.17.0.201812190825/tools/compiler/bin/../lib/gcc/arm-none-eabi/7.3.1/../../../../arm-none-eabi/lib/thumb/v7e-m/fpv4-sp/hard\libc.a(lib_a-findfp.o)
                0x08004764                _cleanup_r
 .text.__sinit  0x08004770       0x58 c:/ac6/systemworkbench/plugins/fr.ac6.mcu.externaltools.arm-none.win32_1.17.0.201812190825/tools/compiler/bin/../lib/gcc/arm-none-eabi/7.3.1/../../../../arm-none-eabi/lib/thumb/v7e-m/fpv4-sp/hard\libc.a(lib_a-findfp.o)
                0x08004770                __sinit
 .text.__sfp_lock_acquire
                0x080047c8        0xc c:/ac6/systemworkbench/plugins/fr.ac6.mcu.externaltools.arm-none.win32_1.17.0.201812190825/tools/compiler/bin/../lib/gcc/arm-none-eabi/7.3.1/../../../../arm-none-eabi/lib/thumb/v7e-m/fpv4-sp/hard\libc.a(lib_a-findfp.o)
                0x080047c8                __sfp_lock_acquire
 .text.__sfp_lock_release
                0x080047d4        0xc c:/ac6/systemworkbench/plugins/fr.ac6.mcu.externaltools.arm-none.win32_1.17.0.201812190825/tools/compiler/bin/../lib/gcc/arm-none-eabi/7.3.1/../../../../arm-none-eabi/lib/thumb/v7e-m/fpv4-sp/hard\libc.a(lib_a-findfp.o)
                0x080047d4                __sfp_lock_release
 .text.__libc_fini_array
                0x080047e0       0x34 c:/ac6/systemworkbench/plugins/fr.ac6.mcu.externaltools.arm-none.win32_1.17.0.201812190825/tools/compiler/bin/../lib/gcc/arm-none-eabi/7.3.1/../../../../arm-none-eabi/lib/thumb/v7e-m/fpv4-sp/hard\libc.a(lib_a-fini.o)
                0x080047e0                __libc_fini_array
 .text.__sfvwrite_r
                0x08004814      0x2fc c:/ac6/systemworkbench/plugins/fr.ac6.mcu.externaltools.arm-none.win32_1.17.0.201812190825/tools/compiler/bin/../lib/gcc/arm-none-eabi/7.3.1/../../../../arm-none-eabi/lib/thumb/v7e-m/fpv4-sp/hard\libc.a(lib_a-fvwrite.o)
                0x08004814                __sfvwrite_r
 .text._fwalk_reent
                0x08004b10       0x54 c:/ac6/systemworkbench/plugins/fr.ac6.mcu.externaltools.arm-none.win32_1.17.0.201812190825/tools/compiler/bin/../lib/gcc/arm-none-eabi/7.3.1/../../../../arm-none-eabi/lib/thumb/v7e-m/fpv4-sp/hard\libc.a(lib_a-fwalk.o)
                0x08004b10                _fwalk_reent
 .text.__retarget_lock_init_recursive
                0x08004b64        0x4 c:/ac6/systemworkbench/plugins/fr.ac6.mcu.externaltools.arm-none.win32_1.17.0.201812190825/tools/compiler/bin/../lib/gcc/arm-none-eabi/7.3.1/../../../../arm-none-eabi/lib/thumb/v7e-m/fpv4-sp/hard\libc.a(lib_a-lock.o)
                0x08004b64                __retarget_lock_init_recursive
 .text.__retarget_lock_close_recursive
                0x08004b68        0x4 c:/ac6/systemworkbench/plugins/fr.ac6.mcu.externaltools.arm-none.win32_1.17.0.201812190825/tools/compiler/bin/../lib/gcc/arm-none-eabi/7.3.1/../../../../arm-none-eabi/lib/thumb/v7e-m/fpv4-sp/hard\libc.a(lib_a-lock.o)
                0x08004b68                __retarget_lock_close_recursive
 .text.__retarget_lock_acquire_recursive
                0x08004b6c        0x4 c:/ac6/systemworkbench/plugins/fr.ac6.mcu.externaltools.arm-none.win32_1.17.0.201812190825/tools/compiler/bin/../lib/gcc/arm-none-eabi/7.3.1/../../../../arm-none-eabi/lib/thumb/v7e-m/fpv4-sp/hard\libc.a(lib_a-lock.o)
                0x08004b6c                __retarget_lock_acquire_recursive
 .text.__retarget_lock_release_recursive
                0x08004b70        0x4 c:/ac6/systemworkbench/plugins/fr.ac6.mcu.externaltools.arm-none.win32_1.17.0.201812190825/tools/compiler/bin/../lib/gcc/arm-none-eabi/7.3.1/../../../../arm-none-eabi/lib/thumb/v7e-m/fpv4-sp/hard\libc.a(lib_a-lock.o)
                0x08004b70                __retarget_lock_release_recursive
 .text._malloc_r
                0x08004b74      0x548 c:/ac6/systemworkbench/plugins/fr.ac6.mcu.externaltools.arm-none.win32_1.17.0.201812190825/tools/compiler/bin/../lib/gcc/arm-none-eabi/7.3.1/../../../../arm-none-eabi/lib/thumb/v7e-m/fpv4-sp/hard\libc.a(lib_a-mallocr.o)
                0x08004b74                _malloc_r
 .text.memmove  0x080050bc       0xc8 c:/ac6/systemworkbench/plugins/fr.ac6.mcu.externaltools.arm-none.win32_1.17.0.201812190825/tools/compiler/bin/../lib/gcc/arm-none-eabi/7.3.1/../../../../arm-none-eabi/lib/thumb/v7e-m/fpv4-sp/hard\libc.a(lib_a-memmove.o)
                0x080050bc                memmove
 .text.__malloc_lock
                0x08005184        0xc c:/ac6/systemworkbench/plugins/fr.ac6.mcu.externaltools.arm-none.win32_1.17.0.201812190825/tools/compiler/bin/../lib/gcc/arm-none-eabi/7.3.1/../../../../arm-none-eabi/lib/thumb/v7e-m/fpv4-sp/hard\libc.a(lib_a-mlock.o)
                0x08005184                __malloc_lock
 .text.__malloc_unlock
                0x08005190        0xc c:/ac6/systemworkbench/plugins/fr.ac6.mcu.externaltools.arm-none.win32_1.17.0.201812190825/tools/compiler/bin/../lib/gcc/arm-none-eabi/7.3.1/../../../../arm-none-eabi/lib/thumb/v7e-m/fpv4-sp/hard\libc.a(lib_a-mlock.o)
                0x08005190                __malloc_unlock
 .text._realloc_r
                0x0800519c      0x35c c:/ac6/systemworkbench/plugins/fr.ac6.mcu.externaltools.arm-none.win32_1.17.0.201812190825/tools/compiler/bin/../lib/gcc/arm-none-eabi/7.3.1/../../../../arm-none-eabi/lib/thumb/v7e-m/fpv4-sp/hard\libc.a(lib_a-reallocr.o)
                0x0800519c                _realloc_r
 .text._sbrk_r  0x080054f8       0x24 c:/ac6/systemworkbench/plugins/fr.ac6.mcu.externaltools.arm-none.win32_1.17.0.201812190825/tools/compiler/bin/../lib/gcc/arm-none-eabi/7.3.1/../../../../arm-none-eabi/lib/thumb/v7e-m/fpv4-sp/hard\libc.a(lib_a-sbrkr.o)
                0x080054f8                _sbrk_r
 .text.__sread  0x0800551c       0x24 c:/ac6/systemworkbench/plugins/fr.ac6.mcu.externaltools.arm-none.win32_1.17.0.201812190825/tools/compiler/bin/../lib/gcc/arm-none-eabi/7.3.1/../../../../arm-none-eabi/lib/thumb/v7e-m/fpv4-sp/hard\libc.a(lib_a-stdio.o)
                0x0800551c                __sread
 .text.__swrite
                0x08005540       0x3c c:/ac6/systemworkbench/plugins/fr.ac6.mcu.externaltools.arm-none.win32_1.17.0.201812190825/tools/compiler/bin/../lib/gcc/arm-none-eabi/7.3.1/../../../../arm-none-eabi/lib/thumb/v7e-m/fpv4-sp/hard\libc.a(lib_a-stdio.o)
                0x08005540                __swrite
 .text.__sseek  0x0800557c       0x20 c:/ac6/systemworkbench/plugins/fr.ac6.mcu.externaltools.arm-none.win32_1.17.0.201812190825/tools/compiler/bin/../lib/gcc/arm-none-eabi/7.3.1/../../../../arm-none-eabi/lib/thumb/v7e-m/fpv4-sp/hard\libc.a(lib_a-stdio.o)
                0x0800557c                __sseek
 .text.__sclose
                0x0800559c        0x8 c:/ac6/systemworkbench/plugins/fr.ac6.mcu.externaltools.arm-none.win32_1.17.0.201812190825/tools/compiler/bin/../lib/gcc/arm-none-eabi/7.3.1/../../../../arm-none-eabi/lib/thumb/v7e-m/fpv4-sp/hard\libc.a(lib_a-stdio.o)
                0x0800559c                __sclose
 .text._write_r
                0x080055a4       0x2c c:/ac6/systemworkbench/plugins/fr.ac6.mcu.externaltools.arm-none.win32_1.17.0.201812190825/tools/compiler/bin/../lib/gcc/arm-none-eabi/7.3.1/../../../../arm-none-eabi/lib/thumb/v7e-m/fpv4-sp/hard\libc.a(lib_a-writer.o)
                0x080055a4                _write_r
 .text.__swsetup_r
                0x080055d0       0xcc c:/ac6/systemworkbench/plugins/fr.ac6.mcu.externaltools.arm-none.win32_1.17.0.201812190825/tools/compiler/bin/../lib/gcc/arm-none-eabi/7.3.1/../../../../arm-none-eabi/lib/thumb/v7e-m/fpv4-sp/hard\libc.a(lib_a-wsetup.o)
                0x080055d0                __swsetup_r
 .text.__register_exitproc
                0x0800569c       0xc0 c:/ac6/systemworkbench/plugins/fr.ac6.mcu.externaltools.arm-none.win32_1.17.0.201812190825/tools/compiler/bin/../lib/gcc/arm-none-eabi/7.3.1/../../../../arm-none-eabi/lib/thumb/v7e-m/fpv4-sp/hard\libc.a(lib_a-__atexit.o)
                0x0800569c                __register_exitproc
 .text._close_r
                0x0800575c       0x24 c:/ac6/systemworkbench/plugins/fr.ac6.mcu.externaltools.arm-none.win32_1.17.0.201812190825/tools/compiler/bin/../lib/gcc/arm-none-eabi/7.3.1/../../../../arm-none-eabi/lib/thumb/v7e-m/fpv4-sp/hard\libc.a(lib_a-closer.o)
                0x0800575c                _close_r
 .text._fclose_r
                0x08005780       0xd0 c:/ac6/systemworkbench/plugins/fr.ac6.mcu.externaltools.arm-none.win32_1.17.0.201812190825/tools/compiler/bin/../lib/gcc/arm-none-eabi/7.3.1/../../../../arm-none-eabi/lib/thumb/v7e-m/fpv4-sp/hard\libc.a(lib_a-fclose.o)
                0x08005780                _fclose_r
 .text.__sflush_r
                0x08005850      0x154 c:/ac6/systemworkbench/plugins/fr.ac6.mcu.externaltools.arm-none.win32_1.17.0.201812190825/tools/compiler/bin/../lib/gcc/arm-none-eabi/7.3.1/../../../../arm-none-eabi/lib/thumb/v7e-m/fpv4-sp/hard\libc.a(lib_a-fflush.o)
                0x08005850                __sflush_r
 .text._fflush_r
                0x080059a4       0x5c c:/ac6/systemworkbench/plugins/fr.ac6.mcu.externaltools.arm-none.win32_1.17.0.201812190825/tools/compiler/bin/../lib/gcc/arm-none-eabi/7.3.1/../../../../arm-none-eabi/lib/thumb/v7e-m/fpv4-sp/hard\libc.a(lib_a-fflush.o)
                0x080059a4                _fflush_r
 .text._malloc_trim_r
                0x08005a00       0xa0 c:/ac6/systemworkbench/plugins/fr.ac6.mcu.externaltools.arm-none.win32_1.17.0.201812190825/tools/compiler/bin/../lib/gcc/arm-none-eabi/7.3.1/../../../../arm-none-eabi/lib/thumb/v7e-m/fpv4-sp/hard\libc.a(lib_a-freer.o)
                0x08005a00                _malloc_trim_r
 .text._free_r  0x08005aa0      0x1e8 c:/ac6/systemworkbench/plugins/fr.ac6.mcu.externaltools.arm-none.win32_1.17.0.201812190825/tools/compiler/bin/../lib/gcc/arm-none-eabi/7.3.1/../../../../arm-none-eabi/lib/thumb/v7e-m/fpv4-sp/hard\libc.a(lib_a-freer.o)
                0x08005aa0                _free_r
 .text._lseek_r
                0x08005c88       0x2c c:/ac6/systemworkbench/plugins/fr.ac6.mcu.externaltools.arm-none.win32_1.17.0.201812190825/tools/compiler/bin/../lib/gcc/arm-none-eabi/7.3.1/../../../../arm-none-eabi/lib/thumb/v7e-m/fpv4-sp/hard\libc.a(lib_a-lseekr.o)
                0x08005c88                _lseek_r
 .text.__swhatbuf_r
                0x08005cb4       0x5c c:/ac6/systemworkbench/plugins/fr.ac6.mcu.externaltools.arm-none.win32_1.17.0.201812190825/tools/compiler/bin/../lib/gcc/arm-none-eabi/7.3.1/../../../../arm-none-eabi/lib/thumb/v7e-m/fpv4-sp/hard\libc.a(lib_a-makebuf.o)
                0x08005cb4                __swhatbuf_r
 .text.__smakebuf_r
                0x08005d10       0x94 c:/ac6/systemworkbench/plugins/fr.ac6.mcu.externaltools.arm-none.win32_1.17.0.201812190825/tools/compiler/bin/../lib/gcc/arm-none-eabi/7.3.1/../../../../arm-none-eabi/lib/thumb/v7e-m/fpv4-sp/hard\libc.a(lib_a-makebuf.o)
                0x08005d10                __smakebuf_r
 .text._read_r  0x08005da4       0x2c c:/ac6/systemworkbench/plugins/fr.ac6.mcu.externaltools.arm-none.win32_1.17.0.201812190825/tools/compiler/bin/../lib/gcc/arm-none-eabi/7.3.1/../../../../arm-none-eabi/lib/thumb/v7e-m/fpv4-sp/hard\libc.a(lib_a-readr.o)
                0x08005da4                _read_r
 .text._fstat_r
                0x08005dd0       0x28 c:/ac6/systemworkbench/plugins/fr.ac6.mcu.externaltools.arm-none.win32_1.17.0.201812190825/tools/compiler/bin/../lib/gcc/arm-none-eabi/7.3.1/../../../../arm-none-eabi/lib/thumb/v7e-m/fpv4-sp/hard\libc.a(lib_a-fstatr.o)
                0x08005dd0                _fstat_r
 .text._isatty_r
                0x08005df8       0x24 c:/ac6/systemworkbench/plugins/fr.ac6.mcu.externaltools.arm-none.win32_1.17.0.201812190825/tools/compiler/bin/../lib/gcc/arm-none-eabi/7.3.1/../../../../arm-none-eabi/lib/thumb/v7e-m/fpv4-sp/hard\libc.a(lib_a-isattyr.o)
                0x08005df8                _isatty_r
 *(.glue_7)
 .glue_7        0x08005e1c        0x0 linker stubs
 *(.glue_7t)
 .glue_7t       0x08005e1c        0x0 linker stubs
 *(.eh_frame)
 .eh_frame      0x08005e1c        0x0 c:/ac6/systemworkbench/plugins/fr.ac6.mcu.externaltools.arm-none.win32_1.17.0.201812190825/tools/compiler/bin/../lib/gcc/arm-none-eabi/7.3.1/thumb/v7e-m/fpv4-sp/hard/crtbegin.o
 *(.init)
 .init          0x08005e1c        0x4 c:/ac6/systemworkbench/plugins/fr.ac6.mcu.externaltools.arm-none.win32_1.17.0.201812190825/tools/compiler/bin/../lib/gcc/arm-none-eabi/7.3.1/thumb/v7e-m/fpv4-sp/hard/crti.o
                0x08005e1c                _init
 .init          0x08005e20        0x8 c:/ac6/systemworkbench/plugins/fr.ac6.mcu.externaltools.arm-none.win32_1.17.0.201812190825/tools/compiler/bin/../lib/gcc/arm-none-eabi/7.3.1/thumb/v7e-m/fpv4-sp/hard/crtn.o
 *(.fini)
 .fini          0x08005e28        0x4 c:/ac6/systemworkbench/plugins/fr.ac6.mcu.externaltools.arm-none.win32_1.17.0.201812190825/tools/compiler/bin/../lib/gcc/arm-none-eabi/7.3.1/thumb/v7e-m/fpv4-sp/hard/crti.o
                0x08005e28                _fini
 .fini          0x08005e2c        0x8 c:/ac6/systemworkbench/plugins/fr.ac6.mcu.externaltools.arm-none.win32_1.17.0.201812190825/tools/compiler/bin/../lib/gcc/arm-none-eabi/7.3.1/thumb/v7e-m/fpv4-sp/hard/crtn.o
                0x08005e34                . = ALIGN (0x4)
                0x08005e34                _etext = .

.vfp11_veneer   0x08005e34        0x0
 .vfp11_veneer  0x08005e34        0x0 linker stubs

.v4_bx          0x08005e34        0x0
 .v4_bx         0x08005e34        0x0 linker stubs

.iplt           0x08005e34        0x0
 .iplt          0x08005e34        0x0 c:/ac6/systemworkbench/plugins/fr.ac6.mcu.externaltools.arm-none.win32_1.17.0.201812190825/tools/compiler/bin/../lib/gcc/arm-none-eabi/7.3.1/thumb/v7e-m/fpv4-sp/hard/crtbegin.o

.rodata         0x08005e34      0x154
                0x08005e34                . = ALIGN (0x4)
 *(.rodata)
 .rodata        0x08005e34        0x5 3rd_party/FreeRTOS/org/Source/tasks.o
 *fill*         0x08005e39        0x3 
 .rodata        0x08005e3c       0x59 3rd_party/SEGGER/Config/SEGGER_SYSVIEW_Config_FreeRTOS.o
 *fill*         0x08005e95        0x3 
 .rodata        0x08005e98       0x60 3rd_party/SEGGER/OS/SEGGER_SYSVIEW_FreeRTOS.o
                0x08005ef0                SYSVIEW_X_OS_TraceAPI
 .rodata        0x08005ef8       0x17 3rd_party/SEGGER/SEGGER/SEGGER_RTT.o
 *fill*         0x08005f0f        0x1 
 .rodata        0x08005f10       0x24 3rd_party/SEGGER/SEGGER/SEGGER_SYSVIEW.o
 .rodata        0x08005f34       0x4a src/Mutex_main.o
 *(.rodata*)
 *fill*         0x08005f7e        0x2 
 .rodata._global_impure_ptr
                0x08005f80        0x4 c:/ac6/systemworkbench/plugins/fr.ac6.mcu.externaltools.arm-none.win32_1.17.0.201812190825/tools/compiler/bin/../lib/gcc/arm-none-eabi/7.3.1/../../../../arm-none-eabi/lib/thumb/v7e-m/fpv4-sp/hard\libc.a(lib_a-impure.o)
                0x08005f80                _global_impure_ptr
 .rodata._puts_r.str1.4
                0x08005f84        0x4 c:/ac6/systemworkbench/plugins/fr.ac6.mcu.externaltools.arm-none.win32_1.17.0.201812190825/tools/compiler/bin/../lib/gcc/arm-none-eabi/7.3.1/../../../../arm-none-eabi/lib/thumb/v7e-m/fpv4-sp/hard\libc.a(lib_a-puts.o)
                                  0x2 (size before relaxing)
                0x08005f88                . = ALIGN (0x4)

.rel.dyn        0x08005f88        0x0
 .rel.iplt      0x08005f88        0x0 c:/ac6/systemworkbench/plugins/fr.ac6.mcu.externaltools.arm-none.win32_1.17.0.201812190825/tools/compiler/bin/../lib/gcc/arm-none-eabi/7.3.1/thumb/v7e-m/fpv4-sp/hard/crtbegin.o

.ARM.extab      0x08005f88        0x0
                0x08005f88                . = ALIGN (0x4)
 *(.ARM.extab* .gnu.linkonce.armextab.*)
                0x08005f88                . = ALIGN (0x4)

.ARM            0x08005f88        0x0
                0x08005f88                . = ALIGN (0x4)
                0x08005f88                __exidx_start = .
 *(.ARM.exidx*)
                0x08005f88                __exidx_end = .
                0x08005f88                . = ALIGN (0x4)

.preinit_array  0x08005f88        0x0
                0x08005f88                . = ALIGN (0x4)
                0x08005f88                PROVIDE (__preinit_array_start = .)
 *(.preinit_array*)
                0x08005f88                PROVIDE (__preinit_array_end = .)
                0x08005f88                . = ALIGN (0x4)

.init_array     0x08005f88        0x8
                0x08005f88                . = ALIGN (0x4)
                0x08005f88                PROVIDE (__init_array_start = .)
 *(SORT_BY_NAME(.init_array.*))
 .init_array.00000
                0x08005f88        0x4 c:/ac6/systemworkbench/plugins/fr.ac6.mcu.externaltools.arm-none.win32_1.17.0.201812190825/tools/compiler/bin/../lib/gcc/arm-none-eabi/7.3.1/../../../../arm-none-eabi/lib/thumb/v7e-m/fpv4-sp/hard\libc.a(lib_a-__call_atexit.o)
 *(.init_array*)
 .init_array    0x08005f8c        0x4 c:/ac6/systemworkbench/plugins/fr.ac6.mcu.externaltools.arm-none.win32_1.17.0.201812190825/tools/compiler/bin/../lib/gcc/arm-none-eabi/7.3.1/thumb/v7e-m/fpv4-sp/hard/crtbegin.o
                0x08005f90                PROVIDE (__init_array_end = .)
                0x08005f90                . = ALIGN (0x4)

.fini_array     0x08005f90        0x4
                0x08005f90                . = ALIGN (0x4)
                0x08005f90                PROVIDE (__fini_array_start = .)
 *(SORT_BY_NAME(.fini_array.*))
 *(.fini_array*)
 .fini_array    0x08005f90        0x4 c:/ac6/systemworkbench/plugins/fr.ac6.mcu.externaltools.arm-none.win32_1.17.0.201812190825/tools/compiler/bin/../lib/gcc/arm-none-eabi/7.3.1/thumb/v7e-m/fpv4-sp/hard/crtbegin.o
                0x08005f94                PROVIDE (__fini_array_end = .)
                0x08005f94                . = ALIGN (0x4)
                0x08005f94                _sidata = LOADADDR (.data)

.data           0x20000000      0x85c load address 0x08005f94
                0x20000000                . = ALIGN (0x4)
                0x20000000                _sdata = .
 *(.data)
 .data          0x20000000        0x4 3rd_party/FreeRTOS/org/Source/portable/GCC/ARM_CM4F/port.o
 .data          0x20000004       0x14 src/system_stm32f4xx.o
                0x20000004                SystemCoreClock
                0x20000008                AHBPrescTable
 *(.data*)
 .data._impure_ptr
                0x20000018        0x4 c:/ac6/systemworkbench/plugins/fr.ac6.mcu.externaltools.arm-none.win32_1.17.0.201812190825/tools/compiler/bin/../lib/gcc/arm-none-eabi/7.3.1/../../../../arm-none-eabi/lib/thumb/v7e-m/fpv4-sp/hard\libc.a(lib_a-impure.o)
                0x20000018                _impure_ptr
 *fill*         0x2000001c        0x4 
 .data.impure_data
                0x20000020      0x428 c:/ac6/systemworkbench/plugins/fr.ac6.mcu.externaltools.arm-none.win32_1.17.0.201812190825/tools/compiler/bin/../lib/gcc/arm-none-eabi/7.3.1/../../../../arm-none-eabi/lib/thumb/v7e-m/fpv4-sp/hard\libc.a(lib_a-impure.o)
 .data.__atexit_recursive_mutex
                0x20000448        0x4 c:/ac6/systemworkbench/plugins/fr.ac6.mcu.externaltools.arm-none.win32_1.17.0.201812190825/tools/compiler/bin/../lib/gcc/arm-none-eabi/7.3.1/../../../../arm-none-eabi/lib/thumb/v7e-m/fpv4-sp/hard\libc.a(lib_a-__call_atexit.o)
                0x20000448                __atexit_recursive_mutex
 .data.__malloc_av_
                0x2000044c      0x408 c:/ac6/systemworkbench/plugins/fr.ac6.mcu.externaltools.arm-none.win32_1.17.0.201812190825/tools/compiler/bin/../lib/gcc/arm-none-eabi/7.3.1/../../../../arm-none-eabi/lib/thumb/v7e-m/fpv4-sp/hard\libc.a(lib_a-mallocr.o)
                0x2000044c                __malloc_av_
 .data.__malloc_sbrk_base
                0x20000854        0x4 c:/ac6/systemworkbench/plugins/fr.ac6.mcu.externaltools.arm-none.win32_1.17.0.201812190825/tools/compiler/bin/../lib/gcc/arm-none-eabi/7.3.1/../../../../arm-none-eabi/lib/thumb/v7e-m/fpv4-sp/hard\libc.a(lib_a-mallocr.o)
                0x20000854                __malloc_sbrk_base
 .data.__malloc_trim_threshold
                0x20000858        0x4 c:/ac6/systemworkbench/plugins/fr.ac6.mcu.externaltools.arm-none.win32_1.17.0.201812190825/tools/compiler/bin/../lib/gcc/arm-none-eabi/7.3.1/../../../../arm-none-eabi/lib/thumb/v7e-m/fpv4-sp/hard\libc.a(lib_a-mallocr.o)
                0x20000858                __malloc_trim_threshold
                0x2000085c                . = ALIGN (0x4)
                0x2000085c                _edata = .

.igot.plt       0x2000085c        0x0 load address 0x080067f0
 .igot.plt      0x2000085c        0x0 c:/ac6/systemworkbench/plugins/fr.ac6.mcu.externaltools.arm-none.win32_1.17.0.201812190825/tools/compiler/bin/../lib/gcc/arm-none-eabi/7.3.1/thumb/v7e-m/fpv4-sp/hard/crtbegin.o
                0x2000085c                . = ALIGN (0x4)

.bss            0x2000085c    0x1542c load address 0x080067f0
                0x2000085c                _sbss = .
                0x2000085c                __bss_start__ = _sbss
 *(.bss)
 .bss           0x2000085c       0x1c c:/ac6/systemworkbench/plugins/fr.ac6.mcu.externaltools.arm-none.win32_1.17.0.201812190825/tools/compiler/bin/../lib/gcc/arm-none-eabi/7.3.1/thumb/v7e-m/fpv4-sp/hard/crtbegin.o
 .bss           0x20000878      0x104 3rd_party/FreeRTOS/org/Source/tasks.o
                0x20000878                pxCurrentTCB
 .bss           0x2000097c        0x8 3rd_party/FreeRTOS/org/Source/portable/GCC/ARM_CM4F/port.o
 .bss           0x20000984    0x12c20 3rd_party/FreeRTOS/org/Source/portable/MemMang/heap_4.o
 .bss           0x200135a4       0xa4 3rd_party/SEGGER/OS/SEGGER_SYSVIEW_FreeRTOS.o
 .bss           0x20013648      0x411 3rd_party/SEGGER/SEGGER/SEGGER_RTT.o
 *fill*         0x20013a59        0x3 
 .bss           0x20013a5c     0x211b 3rd_party/SEGGER/SEGGER/SEGGER_SYSVIEW.o
 *fill*         0x20015b77        0x1 
 .bss           0x20015b78        0xc src/Mutex_main.o
                0x20015b78                Task1Handle
                0x20015b7c                Task2Handle
                0x20015b80                MutexHandle
 *(.bss*)
 .bss.__malloc_current_mallinfo
                0x20015b84       0x28 c:/ac6/systemworkbench/plugins/fr.ac6.mcu.externaltools.arm-none.win32_1.17.0.201812190825/tools/compiler/bin/../lib/gcc/arm-none-eabi/7.3.1/../../../../arm-none-eabi/lib/thumb/v7e-m/fpv4-sp/hard\libc.a(lib_a-mallocr.o)
                0x20015b84                __malloc_current_mallinfo
 .bss.__malloc_max_sbrked_mem
                0x20015bac        0x4 c:/ac6/systemworkbench/plugins/fr.ac6.mcu.externaltools.arm-none.win32_1.17.0.201812190825/tools/compiler/bin/../lib/gcc/arm-none-eabi/7.3.1/../../../../arm-none-eabi/lib/thumb/v7e-m/fpv4-sp/hard\libc.a(lib_a-mallocr.o)
                0x20015bac                __malloc_max_sbrked_mem
 .bss.__malloc_max_total_mem
                0x20015bb0        0x4 c:/ac6/systemworkbench/plugins/fr.ac6.mcu.externaltools.arm-none.win32_1.17.0.201812190825/tools/compiler/bin/../lib/gcc/arm-none-eabi/7.3.1/../../../../arm-none-eabi/lib/thumb/v7e-m/fpv4-sp/hard\libc.a(lib_a-mallocr.o)
                0x20015bb0                __malloc_max_total_mem
 .bss.__malloc_top_pad
                0x20015bb4        0x4 c:/ac6/systemworkbench/plugins/fr.ac6.mcu.externaltools.arm-none.win32_1.17.0.201812190825/tools/compiler/bin/../lib/gcc/arm-none-eabi/7.3.1/../../../../arm-none-eabi/lib/thumb/v7e-m/fpv4-sp/hard\libc.a(lib_a-mallocr.o)
                0x20015bb4                __malloc_top_pad
 *(COMMON)
 COMMON         0x20015bb8       0xa8 3rd_party/SEGGER/SEGGER/SEGGER_RTT.o
                0x20015bb8                _SEGGER_RTT
 COMMON         0x20015c60       0x21 c:/ac6/systemworkbench/plugins/fr.ac6.mcu.externaltools.arm-none.win32_1.17.0.201812190825/tools/compiler/bin/../lib/gcc/arm-none-eabi/7.3.1/../../../../arm-none-eabi/lib/thumb/v7e-m/fpv4-sp/hard\libc.a(lib_a-lock.o)
                0x20015c60                __lock___atexit_recursive_mutex
                0x20015c64                __lock___arc4random_mutex
                0x20015c68                __lock___env_recursive_mutex
                0x20015c6c                __lock___sinit_recursive_mutex
                0x20015c70                __lock___malloc_recursive_mutex
                0x20015c74                __lock___at_quick_exit_mutex
                0x20015c78                __lock___dd_hash_mutex
                0x20015c7c                __lock___tz_mutex
                0x20015c80                __lock___sfp_recursive_mutex
 *fill*         0x20015c81        0x3 
 COMMON         0x20015c84        0x4 c:/ac6/systemworkbench/plugins/fr.ac6.mcu.externaltools.arm-none.win32_1.17.0.201812190825/tools/compiler/bin/../lib/gcc/arm-none-eabi/7.3.1/../../../../arm-none-eabi/lib/thumb/v7e-m/fpv4-sp/hard\libc.a(lib_a-reent.o)
                0x20015c84                errno
                0x20015c88                . = ALIGN (0x4)
                0x20015c88                _ebss = .
                0x20015c88                __bss_end__ = _ebss

._user_heap_stack
                0x20015c88      0x400 load address 0x080067f0
                0x20015c88                . = ALIGN (0x8)
                [!provide]                PROVIDE (end = .)
                [!provide]                PROVIDE (_end = .)
                0x20015c88                . = (. + _Min_Heap_Size)
                0x20016088                . = (. + _Min_Stack_Size)
 *fill*         0x20015c88      0x400 
                0x20016088                . = ALIGN (0x8)

/DISCARD/
 libc.a(*)
 libm.a(*)
 libgcc.a(*)

.ARM.attributes
                0x00000000       0x30
 *(.ARM.attributes)
 .ARM.attributes
                0x00000000       0x22 c:/ac6/systemworkbench/plugins/fr.ac6.mcu.externaltools.arm-none.win32_1.17.0.201812190825/tools/compiler/bin/../lib/gcc/arm-none-eabi/7.3.1/thumb/v7e-m/fpv4-sp/hard/crti.o
 .ARM.attributes
                0x00000022       0x34 c:/ac6/systemworkbench/plugins/fr.ac6.mcu.externaltools.arm-none.win32_1.17.0.201812190825/tools/compiler/bin/../lib/gcc/arm-none-eabi/7.3.1/thumb/v7e-m/fpv4-sp/hard/crtbegin.o
 .ARM.attributes
                0x00000056       0x39 3rd_party/FreeRTOS/org/Source/list.o
 .ARM.attributes
                0x0000008f       0x39 3rd_party/FreeRTOS/org/Source/queue.o
 .ARM.attributes
                0x000000c8       0x39 3rd_party/FreeRTOS/org/Source/tasks.o
 .ARM.attributes
                0x00000101       0x39 3rd_party/FreeRTOS/org/Source/portable/GCC/ARM_CM4F/port.o
 .ARM.attributes
                0x0000013a       0x39 3rd_party/FreeRTOS/org/Source/portable/MemMang/heap_4.o
 .ARM.attributes
                0x00000173       0x39 3rd_party/SEGGER/Config/SEGGER_SYSVIEW_Config_FreeRTOS.o
 .ARM.attributes
                0x000001ac       0x39 3rd_party/SEGGER/OS/SEGGER_SYSVIEW_FreeRTOS.o
 .ARM.attributes
                0x000001e5       0x39 3rd_party/SEGGER/SEGGER/SEGGER_RTT.o
 .ARM.attributes
                0x0000021e       0x39 3rd_party/SEGGER/SEGGER/SEGGER_SYSVIEW.o
 .ARM.attributes
                0x00000257       0x39 StdPeriph_Driver/src/stm32f4xx_rcc.o
 .ARM.attributes
                0x00000290       0x39 src/Mutex_main.o
 .ARM.attributes
                0x000002c9       0x39 src/system_stm32f4xx.o
 .ARM.attributes
                0x00000302       0x21 startup/startup_stm32.o
 .ARM.attributes
                0x00000323       0x34 c:/ac6/systemworkbench/plugins/fr.ac6.mcu.externaltools.arm-none.win32_1.17.0.201812190825/tools/compiler/bin/../lib/gcc/arm-none-eabi/7.3.1/../../../../arm-none-eabi/lib/thumb/v7e-m/fpv4-sp/hard\libc.a(lib_a-impure.o)
 .ARM.attributes
                0x00000357       0x34 c:/ac6/systemworkbench/plugins/fr.ac6.mcu.externaltools.arm-none.win32_1.17.0.201812190825/tools/compiler/bin/../lib/gcc/arm-none-eabi/7.3.1/../../../../arm-none-eabi/lib/thumb/v7e-m/fpv4-sp/hard\libc.a(lib_a-init.o)
 .ARM.attributes
                0x0000038b       0x34 c:/ac6/systemworkbench/plugins/fr.ac6.mcu.externaltools.arm-none.win32_1.17.0.201812190825/tools/compiler/bin/../lib/gcc/arm-none-eabi/7.3.1/../../../../arm-none-eabi/lib/thumb/v7e-m/fpv4-sp/hard\libc.a(lib_a-memcmp.o)
 .ARM.attributes
                0x000003bf       0x20 c:/ac6/systemworkbench/plugins/fr.ac6.mcu.externaltools.arm-none.win32_1.17.0.201812190825/tools/compiler/bin/../lib/gcc/arm-none-eabi/7.3.1/../../../../arm-none-eabi/lib/thumb/v7e-m/fpv4-sp/hard\libc.a(lib_a-memcpy.o)
 .ARM.attributes
                0x000003df       0x34 c:/ac6/systemworkbench/plugins/fr.ac6.mcu.externaltools.arm-none.win32_1.17.0.201812190825/tools/compiler/bin/../lib/gcc/arm-none-eabi/7.3.1/../../../../arm-none-eabi/lib/thumb/v7e-m/fpv4-sp/hard\libc.a(lib_a-memset.o)
 .ARM.attributes
                0x00000413       0x34 c:/ac6/systemworkbench/plugins/fr.ac6.mcu.externaltools.arm-none.win32_1.17.0.201812190825/tools/compiler/bin/../lib/gcc/arm-none-eabi/7.3.1/../../../../arm-none-eabi/lib/thumb/v7e-m/fpv4-sp/hard\libc.a(lib_a-puts.o)
 .ARM.attributes
                0x00000447       0x34 c:/ac6/systemworkbench/plugins/fr.ac6.mcu.externaltools.arm-none.win32_1.17.0.201812190825/tools/compiler/bin/../lib/gcc/arm-none-eabi/7.3.1/../../../../arm-none-eabi/lib/thumb/v7e-m/fpv4-sp/hard\libc.a(lib_a-rand.o)
 .ARM.attributes
                0x0000047b       0x20 c:/ac6/systemworkbench/plugins/fr.ac6.mcu.externaltools.arm-none.win32_1.17.0.201812190825/tools/compiler/bin/../lib/gcc/arm-none-eabi/7.3.1/../../../../arm-none-eabi/lib/thumb/v7e-m/fpv4-sp/hard\libc.a(lib_a-strlen.o)
 .ARM.attributes
                0x0000049b       0x34 c:/ac6/systemworkbench/plugins/fr.ac6.mcu.externaltools.arm-none.win32_1.17.0.201812190825/tools/compiler/bin/../lib/gcc/arm-none-eabi/7.3.1/../../../../arm-none-eabi/lib/thumb/v7e-m/fpv4-sp/hard\libc.a(lib_a-__call_atexit.o)
 .ARM.attributes
                0x000004cf       0x34 c:/ac6/systemworkbench/plugins/fr.ac6.mcu.externaltools.arm-none.win32_1.17.0.201812190825/tools/compiler/bin/../lib/gcc/arm-none-eabi/7.3.1/../../../../arm-none-eabi/lib/thumb/v7e-m/fpv4-sp/hard\libc.a(lib_a-atexit.o)
 .ARM.attributes
                0x00000503       0x34 c:/ac6/systemworkbench/plugins/fr.ac6.mcu.externaltools.arm-none.win32_1.17.0.201812190825/tools/compiler/bin/../lib/gcc/arm-none-eabi/7.3.1/../../../../arm-none-eabi/lib/thumb/v7e-m/fpv4-sp/hard\libc.a(lib_a-findfp.o)
 .ARM.attributes
                0x00000537       0x34 c:/ac6/systemworkbench/plugins/fr.ac6.mcu.externaltools.arm-none.win32_1.17.0.201812190825/tools/compiler/bin/../lib/gcc/arm-none-eabi/7.3.1/../../../../arm-none-eabi/lib/thumb/v7e-m/fpv4-sp/hard\libc.a(lib_a-fini.o)
 .ARM.attributes
                0x0000056b       0x34 c:/ac6/systemworkbench/plugins/fr.ac6.mcu.externaltools.arm-none.win32_1.17.0.201812190825/tools/compiler/bin/../lib/gcc/arm-none-eabi/7.3.1/../../../../arm-none-eabi/lib/thumb/v7e-m/fpv4-sp/hard\libc.a(lib_a-fvwrite.o)
 .ARM.attributes
                0x0000059f       0x34 c:/ac6/systemworkbench/plugins/fr.ac6.mcu.externaltools.arm-none.win32_1.17.0.201812190825/tools/compiler/bin/../lib/gcc/arm-none-eabi/7.3.1/../../../../arm-none-eabi/lib/thumb/v7e-m/fpv4-sp/hard\libc.a(lib_a-fwalk.o)
 .ARM.attributes
                0x000005d3       0x34 c:/ac6/systemworkbench/plugins/fr.ac6.mcu.externaltools.arm-none.win32_1.17.0.201812190825/tools/compiler/bin/../lib/gcc/arm-none-eabi/7.3.1/../../../../arm-none-eabi/lib/thumb/v7e-m/fpv4-sp/hard\libc.a(lib_a-lock.o)
 .ARM.attributes
                0x00000607       0x34 c:/ac6/systemworkbench/plugins/fr.ac6.mcu.externaltools.arm-none.win32_1.17.0.201812190825/tools/compiler/bin/../lib/gcc/arm-none-eabi/7.3.1/../../../../arm-none-eabi/lib/thumb/v7e-m/fpv4-sp/hard\libc.a(lib_a-mallocr.o)
 .ARM.attributes
                0x0000063b       0x20 c:/ac6/systemworkbench/plugins/fr.ac6.mcu.externaltools.arm-none.win32_1.17.0.201812190825/tools/compiler/bin/../lib/gcc/arm-none-eabi/7.3.1/../../../../arm-none-eabi/lib/thumb/v7e-m/fpv4-sp/hard\libc.a(lib_a-memchr.o)
 .ARM.attributes
                0x0000065b       0x34 c:/ac6/systemworkbench/plugins/fr.ac6.mcu.externaltools.arm-none.win32_1.17.0.201812190825/tools/compiler/bin/../lib/gcc/arm-none-eabi/7.3.1/../../../../arm-none-eabi/lib/thumb/v7e-m/fpv4-sp/hard\libc.a(lib_a-memmove.o)
 .ARM.attributes
                0x0000068f       0x34 c:/ac6/systemworkbench/plugins/fr.ac6.mcu.externaltools.arm-none.win32_1.17.0.201812190825/tools/compiler/bin/../lib/gcc/arm-none-eabi/7.3.1/../../../../arm-none-eabi/lib/thumb/v7e-m/fpv4-sp/hard\libc.a(lib_a-mlock.o)
 .ARM.attributes
                0x000006c3       0x34 c:/ac6/systemworkbench/plugins/fr.ac6.mcu.externaltools.arm-none.win32_1.17.0.201812190825/tools/compiler/bin/../lib/gcc/arm-none-eabi/7.3.1/../../../../arm-none-eabi/lib/thumb/v7e-m/fpv4-sp/hard\libc.a(lib_a-reallocr.o)
 .ARM.attributes
                0x000006f7       0x34 c:/ac6/systemworkbench/plugins/fr.ac6.mcu.externaltools.arm-none.win32_1.17.0.201812190825/tools/compiler/bin/../lib/gcc/arm-none-eabi/7.3.1/../../../../arm-none-eabi/lib/thumb/v7e-m/fpv4-sp/hard\libc.a(lib_a-sbrkr.o)
 .ARM.attributes
                0x0000072b       0x34 c:/ac6/systemworkbench/plugins/fr.ac6.mcu.externaltools.arm-none.win32_1.17.0.201812190825/tools/compiler/bin/../lib/gcc/arm-none-eabi/7.3.1/../../../../arm-none-eabi/lib/thumb/v7e-m/fpv4-sp/hard\libc.a(lib_a-stdio.o)
 .ARM.attributes
                0x0000075f       0x34 c:/ac6/systemworkbench/plugins/fr.ac6.mcu.externaltools.arm-none.win32_1.17.0.201812190825/tools/compiler/bin/../lib/gcc/arm-none-eabi/7.3.1/../../../../arm-none-eabi/lib/thumb/v7e-m/fpv4-sp/hard\libc.a(lib_a-writer.o)
 .ARM.attributes
                0x00000793       0x34 c:/ac6/systemworkbench/plugins/fr.ac6.mcu.externaltools.arm-none.win32_1.17.0.201812190825/tools/compiler/bin/../lib/gcc/arm-none-eabi/7.3.1/../../../../arm-none-eabi/lib/thumb/v7e-m/fpv4-sp/hard\libc.a(lib_a-wsetup.o)
 .ARM.attributes
                0x000007c7       0x34 c:/ac6/systemworkbench/plugins/fr.ac6.mcu.externaltools.arm-none.win32_1.17.0.201812190825/tools/compiler/bin/../lib/gcc/arm-none-eabi/7.3.1/../../../../arm-none-eabi/lib/thumb/v7e-m/fpv4-sp/hard\libc.a(lib_a-__atexit.o)
 .ARM.attributes
                0x000007fb       0x34 c:/ac6/systemworkbench/plugins/fr.ac6.mcu.externaltools.arm-none.win32_1.17.0.201812190825/tools/compiler/bin/../lib/gcc/arm-none-eabi/7.3.1/../../../../arm-none-eabi/lib/thumb/v7e-m/fpv4-sp/hard\libc.a(lib_a-closer.o)
 .ARM.attributes
                0x0000082f       0x34 c:/ac6/systemworkbench/plugins/fr.ac6.mcu.externaltools.arm-none.win32_1.17.0.201812190825/tools/compiler/bin/../lib/gcc/arm-none-eabi/7.3.1/../../../../arm-none-eabi/lib/thumb/v7e-m/fpv4-sp/hard\libc.a(lib_a-fclose.o)
 .ARM.attributes
                0x00000863       0x34 c:/ac6/systemworkbench/plugins/fr.ac6.mcu.externaltools.arm-none.win32_1.17.0.201812190825/tools/compiler/bin/../lib/gcc/arm-none-eabi/7.3.1/../../../../arm-none-eabi/lib/thumb/v7e-m/fpv4-sp/hard\libc.a(lib_a-fflush.o)
 .ARM.attributes
                0x00000897       0x34 c:/ac6/systemworkbench/plugins/fr.ac6.mcu.externaltools.arm-none.win32_1.17.0.201812190825/tools/compiler/bin/../lib/gcc/arm-none-eabi/7.3.1/../../../../arm-none-eabi/lib/thumb/v7e-m/fpv4-sp/hard\libc.a(lib_a-freer.o)
 .ARM.attributes
                0x000008cb       0x34 c:/ac6/systemworkbench/plugins/fr.ac6.mcu.externaltools.arm-none.win32_1.17.0.201812190825/tools/compiler/bin/../lib/gcc/arm-none-eabi/7.3.1/../../../../arm-none-eabi/lib/thumb/v7e-m/fpv4-sp/hard\libc.a(lib_a-lseekr.o)
 .ARM.attributes
                0x000008ff       0x34 c:/ac6/systemworkbench/plugins/fr.ac6.mcu.externaltools.arm-none.win32_1.17.0.201812190825/tools/compiler/bin/../lib/gcc/arm-none-eabi/7.3.1/../../../../arm-none-eabi/lib/thumb/v7e-m/fpv4-sp/hard\libc.a(lib_a-makebuf.o)
 .ARM.attributes
                0x00000933       0x34 c:/ac6/systemworkbench/plugins/fr.ac6.mcu.externaltools.arm-none.win32_1.17.0.201812190825/tools/compiler/bin/../lib/gcc/arm-none-eabi/7.3.1/../../../../arm-none-eabi/lib/thumb/v7e-m/fpv4-sp/hard\libc.a(lib_a-readr.o)
 .ARM.attributes
                0x00000967       0x34 c:/ac6/systemworkbench/plugins/fr.ac6.mcu.externaltools.arm-none.win32_1.17.0.201812190825/tools/compiler/bin/../lib/gcc/arm-none-eabi/7.3.1/../../../../arm-none-eabi/lib/thumb/v7e-m/fpv4-sp/hard\libc.a(lib_a-reent.o)
 .ARM.attributes
                0x0000099b       0x34 c:/ac6/systemworkbench/plugins/fr.ac6.mcu.externaltools.arm-none.win32_1.17.0.201812190825/tools/compiler/bin/../lib/gcc/arm-none-eabi/7.3.1/../../../../arm-none-eabi/lib/thumb/v7e-m/fpv4-sp/hard\libc.a(lib_a-fstatr.o)
 .ARM.attributes
                0x000009cf       0x34 c:/ac6/systemworkbench/plugins/fr.ac6.mcu.externaltools.arm-none.win32_1.17.0.201812190825/tools/compiler/bin/../lib/gcc/arm-none-eabi/7.3.1/../../../../arm-none-eabi/lib/thumb/v7e-m/fpv4-sp/hard\libc.a(lib_a-isattyr.o)
 .ARM.attributes
                0x00000a03       0x22 c:/ac6/systemworkbench/plugins/fr.ac6.mcu.externaltools.arm-none.win32_1.17.0.201812190825/tools/compiler/bin/../lib/gcc/arm-none-eabi/7.3.1/thumb/v7e-m/fpv4-sp/hard/crtn.o
OUTPUT(semapore_mutex.elf elf32-littlearm)

.debug_info     0x00000000     0xe165
 .debug_info    0x00000000      0xadb 3rd_party/FreeRTOS/org/Source/list.o
 .debug_info    0x00000adb     0x1e59 3rd_party/FreeRTOS/org/Source/queue.o
 .debug_info    0x00002934     0x27bf 3rd_party/FreeRTOS/org/Source/tasks.o
 .debug_info    0x000050f3      0x533 3rd_party/FreeRTOS/org/Source/portable/GCC/ARM_CM4F/port.o
 .debug_info    0x00005626      0xcfd 3rd_party/FreeRTOS/org/Source/portable/MemMang/heap_4.o
 .debug_info    0x00006323      0x10f 3rd_party/SEGGER/Config/SEGGER_SYSVIEW_Config_FreeRTOS.o
 .debug_info    0x00006432      0xb8d 3rd_party/SEGGER/OS/SEGGER_SYSVIEW_FreeRTOS.o
 .debug_info    0x00006fbf     0x16b9 3rd_party/SEGGER/SEGGER/SEGGER_RTT.o
 .debug_info    0x00008678     0x3aea 3rd_party/SEGGER/SEGGER/SEGGER_SYSVIEW.o
 .debug_info    0x0000c162      0xe67 StdPeriph_Driver/src/stm32f4xx_rcc.o
 .debug_info    0x0000cfc9      0xb68 src/Mutex_main.o
 .debug_info    0x0000db31      0x612 src/system_stm32f4xx.o
 .debug_info    0x0000e143       0x22 startup/startup_stm32.o

.debug_abbrev   0x00000000     0x1c1a
 .debug_abbrev  0x00000000      0x205 3rd_party/FreeRTOS/org/Source/list.o
 .debug_abbrev  0x00000205      0x352 3rd_party/FreeRTOS/org/Source/queue.o
 .debug_abbrev  0x00000557      0x395 3rd_party/FreeRTOS/org/Source/tasks.o
 .debug_abbrev  0x000008ec      0x210 3rd_party/FreeRTOS/org/Source/portable/GCC/ARM_CM4F/port.o
 .debug_abbrev  0x00000afc      0x2d4 3rd_party/FreeRTOS/org/Source/portable/MemMang/heap_4.o
 .debug_abbrev  0x00000dd0       0xb5 3rd_party/SEGGER/Config/SEGGER_SYSVIEW_Config_FreeRTOS.o
 .debug_abbrev  0x00000e85      0x223 3rd_party/SEGGER/OS/SEGGER_SYSVIEW_FreeRTOS.o
 .debug_abbrev  0x000010a8      0x2d6 3rd_party/SEGGER/SEGGER/SEGGER_RTT.o
 .debug_abbrev  0x0000137e      0x336 3rd_party/SEGGER/SEGGER/SEGGER_SYSVIEW.o
 .debug_abbrev  0x000016b4      0x1d4 StdPeriph_Driver/src/stm32f4xx_rcc.o
 .debug_abbrev  0x00001888      0x223 src/Mutex_main.o
 .debug_abbrev  0x00001aab      0x15d src/system_stm32f4xx.o
 .debug_abbrev  0x00001c08       0x12 startup/startup_stm32.o

.debug_aranges  0x00000000      0xa70
 .debug_aranges
                0x00000000       0x40 3rd_party/FreeRTOS/org/Source/list.o
 .debug_aranges
                0x00000040      0x128 3rd_party/FreeRTOS/org/Source/queue.o
 .debug_aranges
                0x00000168      0x1f8 3rd_party/FreeRTOS/org/Source/tasks.o
 .debug_aranges
                0x00000360       0x80 3rd_party/FreeRTOS/org/Source/portable/GCC/ARM_CM4F/port.o
 .debug_aranges
                0x000003e0       0x58 3rd_party/FreeRTOS/org/Source/portable/MemMang/heap_4.o
 .debug_aranges
                0x00000438       0x28 3rd_party/SEGGER/Config/SEGGER_SYSVIEW_Config_FreeRTOS.o
 .debug_aranges
                0x00000460       0x48 3rd_party/SEGGER/OS/SEGGER_SYSVIEW_FreeRTOS.o
 .debug_aranges
                0x000004a8      0x110 3rd_party/SEGGER/SEGGER/SEGGER_RTT.o
 .debug_aranges
                0x000005b8      0x268 3rd_party/SEGGER/SEGGER/SEGGER_SYSVIEW.o
 .debug_aranges
                0x00000820      0x1c0 StdPeriph_Driver/src/stm32f4xx_rcc.o
 .debug_aranges
                0x000009e0       0x38 src/Mutex_main.o
 .debug_aranges
                0x00000a18       0x30 src/system_stm32f4xx.o
 .debug_aranges
                0x00000a48       0x28 startup/startup_stm32.o

.debug_ranges   0x00000000      0x9a8
 .debug_ranges  0x00000000       0x30 3rd_party/FreeRTOS/org/Source/list.o
 .debug_ranges  0x00000030      0x118 3rd_party/FreeRTOS/org/Source/queue.o
 .debug_ranges  0x00000148      0x1e8 3rd_party/FreeRTOS/org/Source/tasks.o
 .debug_ranges  0x00000330       0x70 3rd_party/FreeRTOS/org/Source/portable/GCC/ARM_CM4F/port.o
 .debug_ranges  0x000003a0       0x48 3rd_party/FreeRTOS/org/Source/portable/MemMang/heap_4.o
 .debug_ranges  0x000003e8       0x18 3rd_party/SEGGER/Config/SEGGER_SYSVIEW_Config_FreeRTOS.o
 .debug_ranges  0x00000400       0x38 3rd_party/SEGGER/OS/SEGGER_SYSVIEW_FreeRTOS.o
 .debug_ranges  0x00000438      0x100 3rd_party/SEGGER/SEGGER/SEGGER_RTT.o
 .debug_ranges  0x00000538      0x258 3rd_party/SEGGER/SEGGER/SEGGER_SYSVIEW.o
 .debug_ranges  0x00000790      0x1b0 StdPeriph_Driver/src/stm32f4xx_rcc.o
 .debug_ranges  0x00000940       0x28 src/Mutex_main.o
 .debug_ranges  0x00000968       0x20 src/system_stm32f4xx.o
 .debug_ranges  0x00000988       0x20 startup/startup_stm32.o

.debug_macro    0x00000000     0x2619
 .debug_macro   0x00000000      0x1ba 3rd_party/FreeRTOS/org/Source/list.o
 .debug_macro   0x000001ba      0x244 3rd_party/FreeRTOS/org/Source/queue.o
 .debug_macro   0x000003fe       0x16 3rd_party/FreeRTOS/org/Source/queue.o
 .debug_macro   0x00000414       0x35 3rd_party/FreeRTOS/org/Source/queue.o
 .debug_macro   0x00000449       0x80 3rd_party/FreeRTOS/org/Source/queue.o
 .debug_macro   0x000004c9      0x2ae 3rd_party/FreeRTOS/org/Source/tasks.o
 .debug_macro   0x00000777       0x10 3rd_party/FreeRTOS/org/Source/tasks.o
 .debug_macro   0x00000787      0x1d6 3rd_party/FreeRTOS/org/Source/portable/GCC/ARM_CM4F/port.o
 .debug_macro   0x0000095d      0x1e1 3rd_party/FreeRTOS/org/Source/portable/MemMang/heap_4.o
 .debug_macro   0x00000b3e      0x116 3rd_party/SEGGER/Config/SEGGER_SYSVIEW_Config_FreeRTOS.o
 .debug_macro   0x00000c54      0x1d0 3rd_party/SEGGER/OS/SEGGER_SYSVIEW_FreeRTOS.o
 .debug_macro   0x00000e24      0x164 3rd_party/SEGGER/SEGGER/SEGGER_RTT.o
 .debug_macro   0x00000f88       0x4f 3rd_party/SEGGER/SEGGER/SEGGER_RTT.o
 .debug_macro   0x00000fd7      0x115 3rd_party/SEGGER/SEGGER/SEGGER_RTT.o
 .debug_macro   0x000010ec      0x1f8 3rd_party/SEGGER/SEGGER/SEGGER_SYSVIEW.o
 .debug_macro   0x000012e4       0x65 3rd_party/SEGGER/SEGGER/SEGGER_SYSVIEW.o
 .debug_macro   0x00001349       0x35 3rd_party/SEGGER/SEGGER/SEGGER_SYSVIEW.o
 .debug_macro   0x0000137e      0x11b 3rd_party/SEGGER/SEGGER/SEGGER_SYSVIEW.o
 .debug_macro   0x00001499      0x28b StdPeriph_Driver/src/stm32f4xx_rcc.o
 .debug_macro   0x00001724      0x3f8 src/Mutex_main.o
 .debug_macro   0x00001b1c      0x112 src/Mutex_main.o
 .debug_macro   0x00001c2e      0x3c2 src/Mutex_main.o
 .debug_macro   0x00001ff0       0x7e src/Mutex_main.o
 .debug_macro   0x0000206e       0x16 src/Mutex_main.o
 .debug_macro   0x00002084       0x10 src/Mutex_main.o
 .debug_macro   0x00002094       0x1c src/Mutex_main.o
 .debug_macro   0x000020b0       0x52 src/Mutex_main.o
 .debug_macro   0x00002102       0x40 src/Mutex_main.o
 .debug_macro   0x00002142       0x10 src/Mutex_main.o
 .debug_macro   0x00002152       0x40 src/Mutex_main.o
 .debug_macro   0x00002192       0xd7 src/Mutex_main.o
 .debug_macro   0x00002269       0x1c src/Mutex_main.o
 .debug_macro   0x00002285       0x3d src/Mutex_main.o
 .debug_macro   0x000022c2       0x16 src/Mutex_main.o
 .debug_macro   0x000022d8      0x16f src/Mutex_main.o
 .debug_macro   0x00002447      0x1d2 src/system_stm32f4xx.o

.debug_line     0x00000000     0x80a7
 .debug_line    0x00000000      0x6af 3rd_party/FreeRTOS/org/Source/list.o
 .debug_line    0x000006af      0xf38 3rd_party/FreeRTOS/org/Source/queue.o
 .debug_line    0x000015e7     0x13a9 3rd_party/FreeRTOS/org/Source/tasks.o
 .debug_line    0x00002990      0x7e5 3rd_party/FreeRTOS/org/Source/portable/GCC/ARM_CM4F/port.o
 .debug_line    0x00003175      0x7be 3rd_party/FreeRTOS/org/Source/portable/MemMang/heap_4.o
 .debug_line    0x00003933      0x5d0 3rd_party/SEGGER/Config/SEGGER_SYSVIEW_Config_FreeRTOS.o
 .debug_line    0x00003f03      0x740 3rd_party/SEGGER/OS/SEGGER_SYSVIEW_FreeRTOS.o
 .debug_line    0x00004643      0x7c4 3rd_party/SEGGER/SEGGER/SEGGER_RTT.o
 .debug_line    0x00004e07     0x1697 3rd_party/SEGGER/SEGGER/SEGGER_SYSVIEW.o
 .debug_line    0x0000649e      0xa80 StdPeriph_Driver/src/stm32f4xx_rcc.o
 .debug_line    0x00006f1e      0xa8c src/Mutex_main.o
 .debug_line    0x000079aa      0x681 src/system_stm32f4xx.o
 .debug_line    0x0000802b       0x7c startup/startup_stm32.o

.debug_str      0x00000000    0x710d8
 .debug_str     0x00000000     0xd8b5 3rd_party/FreeRTOS/org/Source/list.o
                               0xdb42 (size before relaxing)
 .debug_str     0x0000d8b5     0x16b0 3rd_party/FreeRTOS/org/Source/queue.o
                               0xf1dd (size before relaxing)
 .debug_str     0x0000ef65     0x1c74 3rd_party/FreeRTOS/org/Source/tasks.o
                               0xffc4 (size before relaxing)
 .debug_str     0x00010bd9      0x7f9 3rd_party/FreeRTOS/org/Source/portable/GCC/ARM_CM4F/port.o
                               0xbcdc (size before relaxing)
 .debug_str     0x000113d2      0x33a 3rd_party/FreeRTOS/org/Source/portable/MemMang/heap_4.o
                               0xe435 (size before relaxing)
 .debug_str     0x0001170c      0x178 3rd_party/SEGGER/Config/SEGGER_SYSVIEW_Config_FreeRTOS.o
                               0xa765 (size before relaxing)
 .debug_str     0x00011884       0xf9 3rd_party/SEGGER/OS/SEGGER_SYSVIEW_FreeRTOS.o
                               0xe135 (size before relaxing)
 .debug_str     0x0001197d      0xdc8 3rd_party/SEGGER/SEGGER/SEGGER_RTT.o
                               0x6dd8 (size before relaxing)
 .debug_str     0x00012745     0x12f3 3rd_party/SEGGER/SEGGER/SEGGER_SYSVIEW.o
                               0x8d7c (size before relaxing)
 .debug_str     0x00013a38    0x5bad6 StdPeriph_Driver/src/stm32f4xx_rcc.o
                              0x5f7b9 (size before relaxing)
 .debug_str     0x0006f50e     0x1a86 src/Mutex_main.o
                              0x6afae (size before relaxing)
 .debug_str     0x00070f94      0x11b src/system_stm32f4xx.o
                              0x5ebff (size before relaxing)
 .debug_str     0x000710af       0x29 startup/startup_stm32.o
                                 0x66 (size before relaxing)

.comment        0x00000000       0x7f
 .comment       0x00000000       0x7f 3rd_party/FreeRTOS/org/Source/list.o
                                 0x80 (size before relaxing)
 .comment       0x0000007f       0x80 3rd_party/FreeRTOS/org/Source/queue.o
 .comment       0x0000007f       0x80 3rd_party/FreeRTOS/org/Source/tasks.o
 .comment       0x0000007f       0x80 3rd_party/FreeRTOS/org/Source/portable/GCC/ARM_CM4F/port.o
 .comment       0x0000007f       0x80 3rd_party/FreeRTOS/org/Source/portable/MemMang/heap_4.o
 .comment       0x0000007f       0x80 3rd_party/SEGGER/Config/SEGGER_SYSVIEW_Config_FreeRTOS.o
 .comment       0x0000007f       0x80 3rd_party/SEGGER/OS/SEGGER_SYSVIEW_FreeRTOS.o
 .comment       0x0000007f       0x80 3rd_party/SEGGER/SEGGER/SEGGER_RTT.o
 .comment       0x0000007f       0x80 3rd_party/SEGGER/SEGGER/SEGGER_SYSVIEW.o
 .comment       0x0000007f       0x80 StdPeriph_Driver/src/stm32f4xx_rcc.o
 .comment       0x0000007f       0x80 src/Mutex_main.o
 .comment       0x0000007f       0x80 src/system_stm32f4xx.o

.debug_frame    0x00000000     0x3584
 .debug_frame   0x00000000       0xd8 3rd_party/FreeRTOS/org/Source/list.o
 .debug_frame   0x000000d8      0x51c 3rd_party/FreeRTOS/org/Source/queue.o
 .debug_frame   0x000005f4      0x8b8 3rd_party/FreeRTOS/org/Source/tasks.o
 .debug_frame   0x00000eac      0x1a8 3rd_party/FreeRTOS/org/Source/portable/GCC/ARM_CM4F/port.o
 .debug_frame   0x00001054      0x12c 3rd_party/FreeRTOS/org/Source/portable/MemMang/heap_4.o
 .debug_frame   0x00001180       0x48 3rd_party/SEGGER/Config/SEGGER_SYSVIEW_Config_FreeRTOS.o
 .debug_frame   0x000011c8      0x100 3rd_party/SEGGER/OS/SEGGER_SYSVIEW_FreeRTOS.o
 .debug_frame   0x000012c8      0x478 3rd_party/SEGGER/SEGGER/SEGGER_RTT.o
 .debug_frame   0x00001740      0xb5c 3rd_party/SEGGER/SEGGER/SEGGER_SYSVIEW.o
 .debug_frame   0x0000229c      0x83c StdPeriph_Driver/src/stm32f4xx_rcc.o
 .debug_frame   0x00002ad8       0x90 src/Mutex_main.o
 .debug_frame   0x00002b68       0x7c src/system_stm32f4xx.o
 .debug_frame   0x00002be4       0x2c c:/ac6/systemworkbench/plugins/fr.ac6.mcu.externaltools.arm-none.win32_1.17.0.201812190825/tools/compiler/bin/../lib/gcc/arm-none-eabi/7.3.1/../../../../arm-none-eabi/lib/thumb/v7e-m/fpv4-sp/hard\libc.a(lib_a-init.o)
 .debug_frame   0x00002c10       0x38 c:/ac6/systemworkbench/plugins/fr.ac6.mcu.externaltools.arm-none.win32_1.17.0.201812190825/tools/compiler/bin/../lib/gcc/arm-none-eabi/7.3.1/../../../../arm-none-eabi/lib/thumb/v7e-m/fpv4-sp/hard\libc.a(lib_a-memcmp.o)
 .debug_frame   0x00002c48       0x38 c:/ac6/systemworkbench/plugins/fr.ac6.mcu.externaltools.arm-none.win32_1.17.0.201812190825/tools/compiler/bin/../lib/gcc/arm-none-eabi/7.3.1/../../../../arm-none-eabi/lib/thumb/v7e-m/fpv4-sp/hard\libc.a(lib_a-memset.o)
 .debug_frame   0x00002c80       0x4c c:/ac6/systemworkbench/plugins/fr.ac6.mcu.externaltools.arm-none.win32_1.17.0.201812190825/tools/compiler/bin/../lib/gcc/arm-none-eabi/7.3.1/../../../../arm-none-eabi/lib/thumb/v7e-m/fpv4-sp/hard\libc.a(lib_a-puts.o)
 .debug_frame   0x00002ccc       0x3c c:/ac6/systemworkbench/plugins/fr.ac6.mcu.externaltools.arm-none.win32_1.17.0.201812190825/tools/compiler/bin/../lib/gcc/arm-none-eabi/7.3.1/../../../../arm-none-eabi/lib/thumb/v7e-m/fpv4-sp/hard\libc.a(lib_a-rand.o)
 .debug_frame   0x00002d08       0x5c c:/ac6/systemworkbench/plugins/fr.ac6.mcu.externaltools.arm-none.win32_1.17.0.201812190825/tools/compiler/bin/../lib/gcc/arm-none-eabi/7.3.1/../../../../arm-none-eabi/lib/thumb/v7e-m/fpv4-sp/hard\libc.a(lib_a-__call_atexit.o)
 .debug_frame   0x00002d64       0x20 c:/ac6/systemworkbench/plugins/fr.ac6.mcu.externaltools.arm-none.win32_1.17.0.201812190825/tools/compiler/bin/../lib/gcc/arm-none-eabi/7.3.1/../../../../arm-none-eabi/lib/thumb/v7e-m/fpv4-sp/hard\libc.a(lib_a-atexit.o)
 .debug_frame   0x00002d84      0x148 c:/ac6/systemworkbench/plugins/fr.ac6.mcu.externaltools.arm-none.win32_1.17.0.201812190825/tools/compiler/bin/../lib/gcc/arm-none-eabi/7.3.1/../../../../arm-none-eabi/lib/thumb/v7e-m/fpv4-sp/hard\libc.a(lib_a-findfp.o)
 .debug_frame   0x00002ecc       0x34 c:/ac6/systemworkbench/plugins/fr.ac6.mcu.externaltools.arm-none.win32_1.17.0.201812190825/tools/compiler/bin/../lib/gcc/arm-none-eabi/7.3.1/../../../../arm-none-eabi/lib/thumb/v7e-m/fpv4-sp/hard\libc.a(lib_a-fini.o)
 .debug_frame   0x00002f00       0x64 c:/ac6/systemworkbench/plugins/fr.ac6.mcu.externaltools.arm-none.win32_1.17.0.201812190825/tools/compiler/bin/../lib/gcc/arm-none-eabi/7.3.1/../../../../arm-none-eabi/lib/thumb/v7e-m/fpv4-sp/hard\libc.a(lib_a-fvwrite.o)
 .debug_frame   0x00002f64       0x54 c:/ac6/systemworkbench/plugins/fr.ac6.mcu.externaltools.arm-none.win32_1.17.0.201812190825/tools/compiler/bin/../lib/gcc/arm-none-eabi/7.3.1/../../../../arm-none-eabi/lib/thumb/v7e-m/fpv4-sp/hard\libc.a(lib_a-fwalk.o)
 .debug_frame   0x00002fb8       0xb0 c:/ac6/systemworkbench/plugins/fr.ac6.mcu.externaltools.arm-none.win32_1.17.0.201812190825/tools/compiler/bin/../lib/gcc/arm-none-eabi/7.3.1/../../../../arm-none-eabi/lib/thumb/v7e-m/fpv4-sp/hard\libc.a(lib_a-lock.o)
 .debug_frame   0x00003068       0x54 c:/ac6/systemworkbench/plugins/fr.ac6.mcu.externaltools.arm-none.win32_1.17.0.201812190825/tools/compiler/bin/../lib/gcc/arm-none-eabi/7.3.1/../../../../arm-none-eabi/lib/thumb/v7e-m/fpv4-sp/hard\libc.a(lib_a-mallocr.o)
 .debug_frame   0x000030bc       0x40 c:/ac6/systemworkbench/plugins/fr.ac6.mcu.externaltools.arm-none.win32_1.17.0.201812190825/tools/compiler/bin/../lib/gcc/arm-none-eabi/7.3.1/../../../../arm-none-eabi/lib/thumb/v7e-m/fpv4-sp/hard\libc.a(lib_a-memmove.o)
 .debug_frame   0x000030fc       0x30 c:/ac6/systemworkbench/plugins/fr.ac6.mcu.externaltools.arm-none.win32_1.17.0.201812190825/tools/compiler/bin/../lib/gcc/arm-none-eabi/7.3.1/../../../../arm-none-eabi/lib/thumb/v7e-m/fpv4-sp/hard\libc.a(lib_a-mlock.o)
 .debug_frame   0x0000312c       0x58 c:/ac6/systemworkbench/plugins/fr.ac6.mcu.externaltools.arm-none.win32_1.17.0.201812190825/tools/compiler/bin/../lib/gcc/arm-none-eabi/7.3.1/../../../../arm-none-eabi/lib/thumb/v7e-m/fpv4-sp/hard\libc.a(lib_a-reallocr.o)
 .debug_frame   0x00003184       0x2c c:/ac6/systemworkbench/plugins/fr.ac6.mcu.externaltools.arm-none.win32_1.17.0.201812190825/tools/compiler/bin/../lib/gcc/arm-none-eabi/7.3.1/../../../../arm-none-eabi/lib/thumb/v7e-m/fpv4-sp/hard\libc.a(lib_a-sbrkr.o)
 .debug_frame   0x000031b0       0x88 c:/ac6/systemworkbench/plugins/fr.ac6.mcu.externaltools.arm-none.win32_1.17.0.201812190825/tools/compiler/bin/../lib/gcc/arm-none-eabi/7.3.1/../../../../arm-none-eabi/lib/thumb/v7e-m/fpv4-sp/hard\libc.a(lib_a-stdio.o)
 .debug_frame   0x00003238       0x2c c:/ac6/systemworkbench/plugins/fr.ac6.mcu.externaltools.arm-none.win32_1.17.0.201812190825/tools/compiler/bin/../lib/gcc/arm-none-eabi/7.3.1/../../../../arm-none-eabi/lib/thumb/v7e-m/fpv4-sp/hard\libc.a(lib_a-writer.o)
 .debug_frame   0x00003264       0x2c c:/ac6/systemworkbench/plugins/fr.ac6.mcu.externaltools.arm-none.win32_1.17.0.201812190825/tools/compiler/bin/../lib/gcc/arm-none-eabi/7.3.1/../../../../arm-none-eabi/lib/thumb/v7e-m/fpv4-sp/hard\libc.a(lib_a-wsetup.o)
 .debug_frame   0x00003290       0x34 c:/ac6/systemworkbench/plugins/fr.ac6.mcu.externaltools.arm-none.win32_1.17.0.201812190825/tools/compiler/bin/../lib/gcc/arm-none-eabi/7.3.1/../../../../arm-none-eabi/lib/thumb/v7e-m/fpv4-sp/hard\libc.a(lib_a-__atexit.o)
 .debug_frame   0x000032c4       0x2c c:/ac6/systemworkbench/plugins/fr.ac6.mcu.externaltools.arm-none.win32_1.17.0.201812190825/tools/compiler/bin/../lib/gcc/arm-none-eabi/7.3.1/../../../../arm-none-eabi/lib/thumb/v7e-m/fpv4-sp/hard\libc.a(lib_a-closer.o)
 .debug_frame   0x000032f0       0x3c c:/ac6/systemworkbench/plugins/fr.ac6.mcu.externaltools.arm-none.win32_1.17.0.201812190825/tools/compiler/bin/../lib/gcc/arm-none-eabi/7.3.1/../../../../arm-none-eabi/lib/thumb/v7e-m/fpv4-sp/hard\libc.a(lib_a-fclose.o)
 .debug_frame   0x0000332c       0x5c c:/ac6/systemworkbench/plugins/fr.ac6.mcu.externaltools.arm-none.win32_1.17.0.201812190825/tools/compiler/bin/../lib/gcc/arm-none-eabi/7.3.1/../../../../arm-none-eabi/lib/thumb/v7e-m/fpv4-sp/hard\libc.a(lib_a-fflush.o)
 .debug_frame   0x00003388       0x80 c:/ac6/systemworkbench/plugins/fr.ac6.mcu.externaltools.arm-none.win32_1.17.0.201812190825/tools/compiler/bin/../lib/gcc/arm-none-eabi/7.3.1/../../../../arm-none-eabi/lib/thumb/v7e-m/fpv4-sp/hard\libc.a(lib_a-freer.o)
 .debug_frame   0x00003408       0x2c c:/ac6/systemworkbench/plugins/fr.ac6.mcu.externaltools.arm-none.win32_1.17.0.201812190825/tools/compiler/bin/../lib/gcc/arm-none-eabi/7.3.1/../../../../arm-none-eabi/lib/thumb/v7e-m/fpv4-sp/hard\libc.a(lib_a-lseekr.o)
 .debug_frame   0x00003434       0x64 c:/ac6/systemworkbench/plugins/fr.ac6.mcu.externaltools.arm-none.win32_1.17.0.201812190825/tools/compiler/bin/../lib/gcc/arm-none-eabi/7.3.1/../../../../arm-none-eabi/lib/thumb/v7e-m/fpv4-sp/hard\libc.a(lib_a-makebuf.o)
 .debug_frame   0x00003498       0x2c c:/ac6/systemworkbench/plugins/fr.ac6.mcu.externaltools.arm-none.win32_1.17.0.201812190825/tools/compiler/bin/../lib/gcc/arm-none-eabi/7.3.1/../../../../arm-none-eabi/lib/thumb/v7e-m/fpv4-sp/hard\libc.a(lib_a-readr.o)
 .debug_frame   0x000034c4       0x68 c:/ac6/systemworkbench/plugins/fr.ac6.mcu.externaltools.arm-none.win32_1.17.0.201812190825/tools/compiler/bin/../lib/gcc/arm-none-eabi/7.3.1/../../../../arm-none-eabi/lib/thumb/v7e-m/fpv4-sp/hard\libc.a(lib_a-reent.o)
 .debug_frame   0x0000352c       0x2c c:/ac6/systemworkbench/plugins/fr.ac6.mcu.externaltools.arm-none.win32_1.17.0.201812190825/tools/compiler/bin/../lib/gcc/arm-none-eabi/7.3.1/../../../../arm-none-eabi/lib/thumb/v7e-m/fpv4-sp/hard\libc.a(lib_a-fstatr.o)
 .debug_frame   0x00003558       0x2c c:/ac6/systemworkbench/plugins/fr.ac6.mcu.externaltools.arm-none.win32_1.17.0.201812190825/tools/compiler/bin/../lib/gcc/arm-none-eabi/7.3.1/../../../../arm-none-eabi/lib/thumb/v7e-m/fpv4-sp/hard\libc.a(lib_a-isattyr.o)
